 addon

 Timestamp is 595af5be (Mon Jul  3 21:56:14 2017)

 Preferred load address is 0000000180000000

 Start         Length     Name                   Class
 0001:00000000 00009ee0H .text$mn                CODE
 0001:00009ee0 00000020H .text$mn$00             CODE
 0001:00009f00 00000240H .text$x                 CODE
 0002:00000000 000002b0H .idata$5                DATA
 0002:000002b0 00000010H .00cfg                  DATA
 0002:000002c0 00000008H .CRT$XCA                DATA
 0002:000002c8 00000008H .CRT$XCU                DATA
 0002:000002d0 00000008H .CRT$XCZ                DATA
 0002:000002d8 00000008H .CRT$XIA                DATA
 0002:000002e0 00000018H .CRT$XIC                DATA
 0002:000002f8 00000008H .CRT$XIZ                DATA
 0002:00000300 00000008H .CRT$XPA                DATA
 0002:00000308 00000010H .CRT$XPX                DATA
 0002:00000318 00000008H .CRT$XPXA               DATA
 0002:00000320 00000008H .CRT$XPZ                DATA
 0002:00000328 00000008H .CRT$XTA                DATA
 0002:00000330 00000010H .CRT$XTZ                DATA
 0002:00000338 00000000H .gfids$y                DATA
 0002:00000340 00007000H .rdata                  DATA
 0002:00007340 00000000H .rdata$r                DATA
 0002:00007340 000002f8H .rdata$zzzdbg           DATA
 0002:00007638 00000008H .rtc$IAA                DATA
 0002:00007640 00000008H .rtc$IZZ                DATA
 0002:00007648 00000008H .rtc$TAA                DATA
 0002:00007650 00000008H .rtc$TZZ                DATA
 0002:00007658 00000ac8H .xdata                  DATA
 0002:00008120 00000050H .edata                  DATA
 0002:00008170 0000003cH .idata$2                DATA
 0002:000081ac 00000014H .idata$3                DATA
 0002:000081c0 000002b0H .idata$4                DATA
 0002:00008470 00000902H .idata$6                DATA
 0003:00000000 00000930H .data                   DATA
 0003:00000930 00000000H .data$r                 DATA
 0003:00000930 000011b8H .bss                    DATA
 0004:00000000 00000cf0H .pdata                  DATA
 0005:00000000 00000060H .rsrc$01                DATA
 0005:00000060 00000180H .rsrc$02                DATA

  Address         Publics by Value              Rva+Base               Lib:Object

 0000:00000000       __guard_iat_count          0000000000000000     <absolute>
 0000:00000000       __dynamic_value_reloc_table 0000000000000000     <absolute>
 0000:00000000       __guard_iat_table          0000000000000000     <absolute>
 0000:00000000       __guard_longjmp_table      0000000000000000     <absolute>
 0000:00000000       __guard_longjmp_count      0000000000000000     <absolute>
 0000:00000000       __guard_fids_count         0000000000000000     <absolute>
 0000:00000000       ___safe_se_handler_table   0000000000000000     <absolute>
 0000:00000000       ___safe_se_handler_count   0000000000000000     <absolute>
 0000:00000000       __guard_fids_table         0000000000000000     <absolute>
 0000:00000100       __guard_flags              0000000000000100     <absolute>
 0000:00000000       __ImageBase                0000000180000000     <linker-defined>
 0001:00000000       ?NODE_SET_METHOD@node@@YAXV?$Local@VObject@v8@@@v8@@PEBDP6AXAEBV?$FunctionCallbackInfo@VValue@v8@@@3@@Z@Z 0000000180001000 f i hello.obj
 0001:000000d0       ?Method@demo@@YAXAEBV?$FunctionCallbackInfo@VValue@v8@@@v8@@@Z 00000001800010d0 f   hello.obj
 0001:00000120       ?Add@demo@@YAXAEBV?$FunctionCallbackInfo@VValue@v8@@@v8@@@Z 0000000180001120 f   hello.obj
 0001:00000270       ?Factoral@demo@@YAXAEBV?$FunctionCallbackInfo@VValue@v8@@@v8@@@Z 0000000180001270 f   hello.obj
 0001:000003e0       ?Parallel@demo@@YAXAEBV?$FunctionCallbackInfo@VValue@v8@@@v8@@@Z 00000001800013e0 f   hello.obj
 0001:00000490       ?init@demo@@YAXV?$Local@VObject@v8@@@v8@@@Z 0000000180001490 f   hello.obj
 0001:00000520       __security_check_cookie    0000000180001520 f   LIBCMT:_amdsecgs_.obj
 0001:00000880       _DllMainCRTStartup         0000000180001880 f   LIBCMT:dll_dllmain.obj
 0001:000008c0       __raise_securityfailure    00000001800018c0 f   LIBCMT:gs_report.obj
 0001:000008f4       __report_gsfailure         00000001800018f4 f   LIBCMT:gs_report.obj
 0001:000009c8       __report_rangecheckfailure 00000001800019c8 f   LIBCMT:gs_report.obj
 0001:000009dc       __report_securityfailure   00000001800019dc f   LIBCMT:gs_report.obj
 0001:00000b5c       __security_init_cookie     0000000180001b5c f   LIBCMT:gs_support.obj
 0001:00000c08       ?__scrt_initialize_type_info@@YAXXZ 0000000180001c08 f   LIBCMT:tncleanup.obj
 0001:00000c18       ?__scrt_uninitialize_type_info@@YAXXZ 0000000180001c18 f   LIBCMT:tncleanup.obj
 0001:00000c24       __local_stdio_printf_options 0000000180001c24 f i LIBCMT:default_local_stdio_options.obj
 0001:00000c2c       __local_stdio_scanf_options 0000000180001c2c f i LIBCMT:default_local_stdio_options.obj
 0001:00000c34       __scrt_initialize_default_local_stdio_options 0000000180001c34 f   LIBCMT:default_local_stdio_options.obj
 0001:00000c50       __scrt_acquire_startup_lock 0000000180001c50 f   LIBCMT:utility.obj
 0001:00000c8c       __scrt_dllmain_after_initialize_c 0000000180001c8c f   LIBCMT:utility.obj
 0001:00000cc0       __scrt_dllmain_before_initialize_c 0000000180001cc0 f   LIBCMT:utility.obj
 0001:00000cd8       __scrt_dllmain_crt_thread_attach 0000000180001cd8 f   LIBCMT:utility.obj
 0001:00000d00       __scrt_dllmain_crt_thread_detach 0000000180001d00 f   LIBCMT:utility.obj
 0001:00000d18       __scrt_dllmain_exception_filter 0000000180001d18 f   LIBCMT:utility.obj
 0001:00000d7c       __scrt_dllmain_uninitialize_c 0000000180001d7c f   LIBCMT:utility.obj
 0001:00000dac       __scrt_dllmain_uninitialize_critical 0000000180001dac f   LIBCMT:utility.obj
 0001:00000dc0       __scrt_initialize_crt      0000000180001dc0 f   LIBCMT:utility.obj
 0001:00000e0c       __scrt_initialize_onexit_tables 0000000180001e0c f   LIBCMT:utility.obj
 0001:00000eec       __scrt_is_nonwritable_in_current_image 0000000180001eec f   LIBCMT:utility.obj
 0001:00000f88       __scrt_release_startup_lock 0000000180001f88 f   LIBCMT:utility.obj
 0001:00000fac       __scrt_uninitialize_crt    0000000180001fac f   LIBCMT:utility.obj
 0001:00000fd8       __scrt_get_dyn_tls_init_callback 0000000180001fd8 f   LIBCMT:dyn_tls_init.obj
 0001:00000fe0       __crt_debugger_hook        0000000180001fe0 f   LIBCMT:utility_desktop.obj
 0001:00000fe8       __scrt_fastfail            0000000180001fe8 f   LIBCMT:utility_desktop.obj
 0001:00001130       _RTC_Initialize            0000000180002130 f   LIBCMT:_initsect_.obj
 0001:0000117c       _RTC_Terminate             000000018000217c f   LIBCMT:_initsect_.obj
 0001:000011c8       _guard_check_icall         00000001800021c8 f i LIBCMT:checkcfg.obj
 0001:000011d0       __isa_available_init       00000001800021d0 f   LIBCMT:_cpu_disp_.obj
 0001:0000138c       _get_startup_argv_mode     000000018000238c f   LIBCMT:argv_mode.obj
 0001:0000138c       DllMain                    000000018000238c f   LIBCMT:dll_dllmain_stub.obj
 0001:00001394       __scrt_is_ucrt_dll_in_use  0000000180002394 f   LIBCMT:ucrt_detection.obj
 0001:000013a0       _guard_check_icall_nop     00000001800023a0 f i LIBCMT:guard_support.obj
 0001:000013b0       __C_specific_handler       00000001800023b0 f   libvcruntime:_chandler_.obj
 0001:000015ac       __std_type_info_destroy_list 00000001800025ac f   libvcruntime:std_type_info.obj
 0001:000015d8       __vcrt_initialize          00000001800025d8 f   libvcruntime:initialization.obj
 0001:0000160c       __vcrt_thread_attach       000000018000260c f   libvcruntime:initialization.obj
 0001:00001620       __vcrt_thread_detach       0000000180002620 f   libvcruntime:initialization.obj
 0001:00001634       __vcrt_uninitialize        0000000180002634 f   libvcruntime:initialization.obj
 0001:00001654       __vcrt_uninitialize_critical 0000000180002654 f   libvcruntime:initialization.obj
 0001:00001680       memset                     0000000180002680 f   libvcruntime:memset.obj
 0001:00001830       _local_unwind              0000000180002830 f   libvcruntime:_jmpuwind_.obj
 0001:00001860       _NLG_Notify                0000000180002860 f   libvcruntime:_jmpuwind_.obj
 0001:00001880       __NLG_Dispatch2            0000000180002880 f   libvcruntime:_jmpuwind_.obj
 0001:00001890       __NLG_Return2              0000000180002890 f   libvcruntime:_jmpuwind_.obj
 0001:00001894       __except_validate_context_record 0000000180002894 f   libvcruntime:jbcxrval.obj
 0001:000018cc       __vcrt_freefls             00000001800028cc f   libvcruntime:per_thread_data.obj
 0001:000018ec       __vcrt_freeptd             00000001800028ec f   libvcruntime:per_thread_data.obj
 0001:0000193c       __vcrt_getptd_noexit       000000018000293c f   libvcruntime:per_thread_data.obj
 0001:000019f4       __vcrt_initialize_ptd      00000001800029f4 f   libvcruntime:per_thread_data.obj
 0001:00001a34       __vcrt_uninitialize_ptd    0000000180002a34 f   libvcruntime:per_thread_data.obj
 0001:00001a58       __vcrt_initialize_locks    0000000180002a58 f   libvcruntime:locks.obj
 0001:00001aa0       __vcrt_uninitialize_locks  0000000180002aa0 f   libvcruntime:locks.obj
 0001:00001cb0       __vcrt_FlsAlloc            0000000180002cb0 f   libvcruntime:winapi_downlevel.obj
 0001:00001d04       __vcrt_FlsFree             0000000180002d04 f   libvcruntime:winapi_downlevel.obj
 0001:00001d58       __vcrt_FlsGetValue         0000000180002d58 f   libvcruntime:winapi_downlevel.obj
 0001:00001dac       __vcrt_FlsSetValue         0000000180002dac f   libvcruntime:winapi_downlevel.obj
 0001:00001e14       __vcrt_InitializeCriticalSectionEx 0000000180002e14 f   libvcruntime:winapi_downlevel.obj
 0001:00001e8c       __vcrt_initialize_winapi_thunks 0000000180002e8c f   libvcruntime:winapi_downlevel.obj
 0001:00001ed0       __vcrt_uninitialize_winapi_thunks 0000000180002ed0 f   libvcruntime:winapi_downlevel.obj
 0001:00001f10       __vcrt_initialize_pure_virtual_call_handler 0000000180002f10 f   libvcruntime:purevirt_data.obj
 0001:00001f34       ??0_LocaleUpdate@@QEAA@QEAU__crt_locale_pointers@@@Z 0000000180002f34 f i libucrt:stricmp.obj
 0001:00001fc4       _initterm                  0000000180002fc4 f   libucrt:initterm.obj
 0001:00002028       _initterm_e                0000000180003028 f   libucrt:initterm.obj
 0001:00002068       _seh_filter_dll            0000000180003068 f   libucrt:exception_filter.obj
 0001:0000207c       _seh_filter_exe            000000018000307c f   libucrt:exception_filter.obj
 0001:00002488       __acrt_initialize_thread_local_exit_callback 0000000180003488 f   libucrt:exit.obj
 0001:00002490       _cexit                     0000000180003490 f   libucrt:exit.obj
 0001:000024a0       _exit                      00000001800034a0 f   libucrt:exit.obj
 0001:000024ac       _is_c_termination_complete 00000001800034ac f   libucrt:exit.obj
 0001:00002670       __acrt_allocate_buffer_for_argv 0000000180003670 f   libucrt:argv_parsing.obj
 0001:000026d0       _configure_narrow_argv     00000001800036d0 f   libucrt:argv_parsing.obj
 0001:00002a4c       __dcrt_uninitialize_environments_nolock 0000000180003a4c f   libucrt:environment_initialization.obj
 0001:00002a84       _initialize_narrow_environment 0000000180003a84 f   libucrt:environment_initialization.obj
 0001:00002c14       _execute_onexit_table      0000000180003c14 f   libucrt:onexit.obj
 0001:00002c50       _initialize_onexit_table   0000000180003c50 f   libucrt:onexit.obj
 0001:00002cd8       __acrt_uninitialize_command_line 0000000180003cd8 f   libucrt:argv_data.obj
 0001:00002dc8       __acrt_initialize          0000000180003dc8 f   libucrt:initialization.obj
 0001:00002ddc       __acrt_thread_attach       0000000180003ddc f   libucrt:initialization.obj
 0001:00002df0       __acrt_thread_detach       0000000180003df0 f   libucrt:initialization.obj
 0001:00002e00       __acrt_uninitialize        0000000180003e00 f   libucrt:initialization.obj
 0001:00002e14       __acrt_uninitialize_critical 0000000180003e14 f   libucrt:initialization.obj
 0001:00002e24       terminate                  0000000180003e24 f   libucrt:terminate.obj
 0001:00002e44       _free_base                 0000000180003e44 f   libucrt:free_base.obj
 0001:00002e84       _malloc_base               0000000180003e84 f   libucrt:malloc_base.obj
 0001:00002ee4       strcpy_s                   0000000180003ee4 f   libucrt:strcpy_s.obj
 0001:00002f44       abort                      0000000180003f44 f   libucrt:abort.obj
 0001:00002f9c       _calloc_base               0000000180003f9c f   libucrt:calloc_base.obj
 0001:00003014       wcsncmp                    0000000180004014 f   libucrt:wcsncmp.obj
 0001:00003040       __acrt_call_reportfault    0000000180004040 f   libucrt:invalid_parameter.obj
 0001:0000319c       __acrt_initialize_invalid_parameter_handler 000000018000419c f   libucrt:invalid_parameter.obj
 0001:000031a4       _invalid_parameter         00000001800041a4 f   libucrt:invalid_parameter.obj
 0001:00003254       _invalid_parameter_noinfo  0000000180004254 f   libucrt:invalid_parameter.obj
 0001:00003274       _invoke_watson             0000000180004274 f   libucrt:invalid_parameter.obj
 0001:000032bc       __acrt_errno_from_os_error 00000001800042bc f   libucrt:errno.obj
 0001:00003304       __acrt_errno_map_os_error  0000000180004304 f   libucrt:errno.obj
 0001:00003354       __doserrno                 0000000180004354 f   libucrt:errno.obj
 0001:00003374       _errno                     0000000180004374 f   libucrt:errno.obj
 0001:0000370c       __acrt_freeptd             000000018000470c f   libucrt:per_thread_data.obj
 0001:00003750       __acrt_getptd              0000000180004750 f   libucrt:per_thread_data.obj
 0001:0000381c       __acrt_getptd_head         000000018000481c f   libucrt:per_thread_data.obj
 0001:000038c4       __acrt_getptd_noexit       00000001800048c4 f   libucrt:per_thread_data.obj
 0001:00003994       __acrt_initialize_ptd      0000000180004994 f   libucrt:per_thread_data.obj
 0001:000039d0       __acrt_uninitialize_ptd    00000001800049d0 f   libucrt:per_thread_data.obj
 0001:000039f4       __acrt_update_locale_info  00000001800049f4 f   libucrt:locale_update.obj
 0001:00003a28       __acrt_update_multibyte_info 0000000180004a28 f   libucrt:locale_update.obj
 0001:00003acc       __acrt_set_locale_changed  0000000180004acc f   libucrt:wsetlocale.obj
 0001:00003ad8       __acrt_uninitialize_locale 0000000180004ad8 f   libucrt:wsetlocale.obj
 0001:00003b08       __acrt_initialize_locks    0000000180004b08 f   libucrt:locks.obj
 0001:00003b50       __acrt_lock                0000000180004b50 f   libucrt:locks.obj
 0001:00003b6c       __acrt_uninitialize_locks  0000000180004b6c f   libucrt:locks.obj
 0001:00003ba4       __acrt_unlock              0000000180004ba4 f   libucrt:locks.obj
 0001:00003bc0       __acrt_get_process_end_policy 0000000180004bc0 f   libucrt:win_policies.obj
 0001:00004160       __acrt_expand_narrow_argv_wildcards 0000000180005160 f   libucrt:argv_wildcards.obj
 0001:000048ac       __acrt_initialize_multibyte 00000001800058ac f   libucrt:mbctype.obj
 0001:0000490c       __acrt_update_thread_multibyte_data 000000018000590c f   libucrt:mbctype.obj
 0001:00004928       _setmbcp_nolock            0000000180005928 f   libucrt:mbctype.obj
 0001:00004c40       _ismbblead                 0000000180005c40 f   libucrt:ismbbyte.obj
 0001:00004c54       __acrt_initialize_command_line 0000000180005c54 f   libucrt:argv_data.obj
 0001:00004c7c       __dcrt_get_narrow_environment_from_os 0000000180005c7c f   libucrt:get_environment_from_os.obj
 0001:00004d80       _recalloc                  0000000180005d80 f   libucrt:recalloc.obj
 0001:00004d88       _recalloc_base             0000000180005d88 f   libucrt:recalloc.obj
 0001:00004ff8       __acrt_AppPolicyGetProcessTerminationMethodInternal 0000000180005ff8 f   libucrt:winapi_thunks.obj
 0001:00005048       __acrt_FlsAlloc            0000000180006048 f   libucrt:winapi_thunks.obj
 0001:00005090       __acrt_FlsFree             0000000180006090 f   libucrt:winapi_thunks.obj
 0001:000050d8       __acrt_FlsGetValue         00000001800060d8 f   libucrt:winapi_thunks.obj
 0001:00005120       __acrt_FlsSetValue         0000000180006120 f   libucrt:winapi_thunks.obj
 0001:00005174       __acrt_InitializeCriticalSectionEx 0000000180006174 f   libucrt:winapi_thunks.obj
 0001:000051d8       __acrt_LCMapStringEx       00000001800061d8 f   libucrt:winapi_thunks.obj
 0001:000052b4       __acrt_LocaleNameToLCID    00000001800062b4 f   libucrt:winapi_thunks.obj
 0001:00005304       __acrt_initialize_winapi_thunks 0000000180006304 f   libucrt:winapi_thunks.obj
 0001:0000534c       __acrt_uninitialize_winapi_thunks 000000018000634c f   libucrt:winapi_thunks.obj
 0001:00005390       __acrt_initialize_heap     0000000180006390 f   libucrt:heap_handle.obj
 0001:000053ac       __acrt_uninitialize_heap   00000001800063ac f   libucrt:heap_handle.obj
 0001:000055a0       __acrt_initialize_lowio    00000001800065a0 f   libucrt:ioinit.obj
 0001:000055dc       __acrt_uninitialize_lowio  00000001800065dc f   libucrt:ioinit.obj
 0001:0000561c       __acrt_execute_initializers 000000018000661c f   libucrt:shared_initialization.obj
 0001:0000569c       __acrt_execute_uninitializers 000000018000669c f   libucrt:shared_initialization.obj
 0001:000056dc       __acrt_initialize_new_handler 00000001800066dc f   libucrt:new_handler.obj
 0001:000056e4       _callnewh                  00000001800066e4 f   libucrt:new_handler.obj
 0001:00005714       _query_new_handler         0000000180006714 f   libucrt:new_handler.obj
 0001:00005790       __acrt_get_sigabrt_handler 0000000180006790 f   libucrt:signal.obj
 0001:000057c0       __acrt_initialize_signal_handlers 00000001800067c0 f   libucrt:signal.obj
 0001:000057e0       raise                      00000001800067e0 f   libucrt:signal.obj
 0001:00005a54       __acrt_has_user_matherr    0000000180006a54 f   libucrt:matherr.obj
 0001:00005a74       __acrt_initialize_user_matherr 0000000180006a74 f   libucrt:matherr.obj
 0001:00005a7c       __acrt_invoke_user_matherr 0000000180006a7c f   libucrt:matherr.obj
 0001:00005aac       _query_new_mode            0000000180006aac f   libucrt:new_mode.obj
 0001:00005ab4       _mbtowc_l                  0000000180006ab4 f   libucrt:mbtowc.obj
 0001:00005bfc       mbtowc                     0000000180006bfc f   libucrt:mbtowc.obj
 0001:00005c04       _fileno                    0000000180006c04 f   libucrt:fileno.obj
 0001:00005c2c       __acrt_initialize_stdio    0000000180006c2c f   libucrt:_file.obj
 0001:00005d4c       __acrt_uninitialize_stdio  0000000180006d4c f   libucrt:_file.obj
 0001:00005da8       _lock_file                 0000000180006da8 f   libucrt:_file.obj
 0001:00005db4       _unlock_file               0000000180006db4 f   libucrt:_file.obj
 0001:00005dc0       __pctype_func              0000000180006dc0 f   libucrt:ctype.obj
 0001:00005df0       _isleadbyte_l              0000000180006df0 f i libucrt:_wctype.obj
 0001:00006184       __acrt_LCMapStringA        0000000180007184 f   libucrt:lcmapstringa.obj
 0001:0000621c       __acrt_add_locale_ref      000000018000721c f   libucrt:locale_refcounting.obj
 0001:000062a8       __acrt_free_locale         00000001800072a8 f   libucrt:locale_refcounting.obj
 0001:00006420       __acrt_locale_add_lc_time_reference 0000000180007420 f   libucrt:locale_refcounting.obj
 0001:00006448       __acrt_locale_free_lc_time_if_unreferenced 0000000180007448 f   libucrt:locale_refcounting.obj
 0001:00006480       __acrt_locale_release_lc_time_reference 0000000180007480 f   libucrt:locale_refcounting.obj
 0001:000064a8       __acrt_release_locale_ref  00000001800074a8 f   libucrt:locale_refcounting.obj
 0001:00006550       __acrt_update_thread_locale_data 0000000180007550 f   libucrt:locale_refcounting.obj
 0001:000065c0       _updatetlocinfoEx_nolock   00000001800075c0 f   libucrt:locale_refcounting.obj
 0001:00006628       __acrt_locale_free_monetary 0000000180007628 f   libucrt:initmon.obj
 0001:00006734       __acrt_locale_free_numeric 0000000180007734 f   libucrt:initnum.obj
 0001:000067f8       __acrt_locale_free_time    00000001800077f8 f   libucrt:inittime.obj
 0001:00006900       __acrt_GetStringTypeA      0000000180007900 f   libucrt:getstringtypea.obj
 0001:00006b70       qsort                      0000000180007b70 f   libucrt:qsort.obj
 0001:00006ec0       strncpy_s                  0000000180007ec0 f   libucrt:strncpy_s.obj
 0001:00006f94       strpbrk                    0000000180007f94 f   libucrt:strpbrk.obj
 0001:00007034       _mbsdec                    0000000180008034 f   libucrt:mbsdec.obj
 0001:0000703c       _mbsdec_l                  000000018000803c f   libucrt:mbsdec.obj
 0001:000070ec       _msize                     00000001800080ec f   libucrt:msize.obj
 0001:000070f4       _msize_base                00000001800080f4 f   libucrt:msize.obj
 0001:00007130       _realloc_base              0000000180008130 f   libucrt:realloc_base.obj
 0001:00007274       __acrt_DownlevelLocaleNameToLCID 0000000180008274 f   libucrt:lcidtoname_downlevel.obj
 0001:000072a8       __acrt_lowio_create_handle_array 00000001800082a8 f   libucrt:osfinfo.obj
 0001:00007340       __acrt_lowio_destroy_handle_array 0000000180008340 f   libucrt:osfinfo.obj
 0001:00007390       __acrt_lowio_ensure_fh_exists 0000000180008390 f   libucrt:osfinfo.obj
 0001:00007438       __acrt_lowio_lock_fh       0000000180008438 f   libucrt:osfinfo.obj
 0001:0000745c       __acrt_lowio_unlock_fh     000000018000845c f   libucrt:osfinfo.obj
 0001:00007480       _free_osfhnd               0000000180008480 f   libucrt:osfinfo.obj
 0001:00007548       _get_osfhandle             0000000180008548 f   libucrt:osfinfo.obj
 0001:000075c0       _isatty                    00000001800085c0 f   libucrt:isatty.obj
 0001:00007804       __acrt_stdio_flush_nolock  0000000180008804 f   libucrt:fflush.obj
 0001:00007880       _fflush_nolock             0000000180008880 f   libucrt:fflush.obj
 0001:000078cc       _flushall                  00000001800088cc f   libucrt:fflush.obj
 0001:000078d4       _fcloseall                 00000001800088d4 f   libucrt:closeall.obj
 0001:00007988       __acrt_stdio_free_buffer_nolock 0000000180008988 f   libucrt:_freebuf.obj
 0001:000079c8       __strncnt                  00000001800089c8 f   libucrt:strncnt.obj
 0001:000079e0       _query_app_type            00000001800089e0 f   libucrt:report_runtime_error.obj
 0001:00007a74       _commit                    0000000180008a74 f   libucrt:commit.obj
 0001:000081a4       _write                     00000001800091a4 f   libucrt:write.obj
 0001:000082a4       _write_nolock              00000001800092a4 f   libucrt:write.obj
 0001:00008540       log10                      0000000180009540 f   libucrt:log10.obj
 0001:00008b88       _lseeki64_nolock           0000000180009b88 f   libucrt:lseek.obj
 0001:00008b90       _fclose_nolock             0000000180009b90 f   libucrt:fclose.obj
 0001:00008c14       fclose                     0000000180009c14 f   libucrt:fclose.obj
 0001:00008c78       _putwch_nolock             0000000180009c78 f   libucrt:putwch.obj
 0001:00008dd8       _handle_error              0000000180009dd8 f   libucrt:libm_error.obj
 0001:00008f00       __acrt_initialize_fma3     0000000180009f00 f   libucrt:fma3_available.obj
 0001:00008f70       _log10_special             0000000180009f70 f   libucrt:log_special.obj
 0001:0000909c       _close                     000000018000a09c f   libucrt:close.obj
 0001:00009140       _close_nolock              000000018000a140 f   libucrt:close.obj
 0001:000091fc       ?__acrt_stdio_free_stream@@YAXV__crt_stdio_stream@@@Z 000000018000a1fc f   libucrt:stream.obj
 0001:00009218       __dcrt_lowio_ensure_console_output_initialized 000000018000a218 f   libucrt:initcon.obj
 0001:0000926c       __dcrt_terminate_console_output 000000018000a26c f   libucrt:initcon.obj
 0001:00009288       __dcrt_write_console_w     000000018000a288 f   libucrt:initcon.obj
 0001:00009360       _get_fpsr                  000000018000a360 f   libucrt:fpsr.obj
 0001:00009370       _set_fpsr                  000000018000a370 f   libucrt:fpsr.obj
 0001:0000937a       _fclrf                     000000018000a37a f   libucrt:fpsr.obj
 0001:0000938e       _frnd                      000000018000a38e f   libucrt:fpsr.obj
 0001:000093b0       _raise_exc                 000000018000a3b0 f   libucrt:fpexcept.obj
 0001:000093d8       _raise_exc_ex              000000018000a3d8 f   libucrt:fpexcept.obj
 0001:000096e0       _set_errno_from_matherr    000000018000a6e0 f   libucrt:fpexcept.obj
 0001:00009710       _clrfp                     000000018000a710 f   libucrt:fpctrl.obj
 0001:00009730       _ctrlfp                    000000018000a730 f   libucrt:fpctrl.obj
 0001:000097ac       _set_statfp                000000018000a7ac f   libucrt:fpctrl.obj
 0001:000097cc       _statfp                    000000018000a7cc f   libucrt:fpctrl.obj
 0001:000097de       IsProcessorFeaturePresent  000000018000a7de f   kernel32:KERNEL32.dll
 0001:000097e4       RtlUnwindEx                000000018000a7e4 f   kernel32:KERNEL32.dll
 0001:000097f0       _FindPESection             000000018000a7f0 f   LIBCMT:pesect.obj
 0001:00009840       _IsNonwritableInCurrentImage 000000018000a840 f   LIBCMT:pesect.obj
 0001:00009890       _ValidateImageBase         000000018000a890 f   LIBCMT:pesect.obj
 0001:000098c0       __GSHandlerCheck           000000018000a8c0 f   LIBCMT:_gshandler_.obj
 0001:000098e0       __GSHandlerCheckCommon     000000018000a8e0 f   LIBCMT:_gshandler_.obj
 0001:00009950       _alloca_probe              000000018000a950 f   LIBCMT:_chkstk_.obj
 0001:00009950       __chkstk                   000000018000a950 f   LIBCMT:_chkstk_.obj
 0001:000099c0       memcpy                     000000018000a9c0 f   libvcruntime:memcpy.obj
 0001:000099c0       memmove                    000000018000a9c0 f   libvcruntime:memcpy.obj
 0001:00009e10       memcmp                     000000018000ae10 f   libvcruntime:memcmp.obj
 0001:00009ef0       _guard_dispatch_icall_nop  000000018000aef0 f   LIBCMT:_guard_dispatch_.obj
 0002:00000000       __imp_WriteConsoleW        000000018000c000     kernel32:KERNEL32.dll
 0002:00000008       __imp_CreateFileW          000000018000c008     kernel32:KERNEL32.dll
 0002:00000010       __imp_CloseHandle          000000018000c010     kernel32:KERNEL32.dll
 0002:00000018       __imp_SetFilePointerEx     000000018000c018     kernel32:KERNEL32.dll
 0002:00000020       __imp_GetConsoleMode       000000018000c020     kernel32:KERNEL32.dll
 0002:00000028       __imp_GetConsoleCP         000000018000c028     kernel32:KERNEL32.dll
 0002:00000030       __imp_FlushFileBuffers     000000018000c030     kernel32:KERNEL32.dll
 0002:00000038       __imp_WriteFile            000000018000c038     kernel32:KERNEL32.dll
 0002:00000040       __imp_SetStdHandle         000000018000c040     kernel32:KERNEL32.dll
 0002:00000048       __imp_HeapReAlloc          000000018000c048     kernel32:KERNEL32.dll
 0002:00000050       __imp_HeapSize             000000018000c050     kernel32:KERNEL32.dll
 0002:00000058       __imp_GetStringTypeW       000000018000c058     kernel32:KERNEL32.dll
 0002:00000060       __imp_GetFileType          000000018000c060     kernel32:KERNEL32.dll
 0002:00000068       __imp_GetStdHandle         000000018000c068     kernel32:KERNEL32.dll
 0002:00000070       __imp_GetProcessHeap       000000018000c070     kernel32:KERNEL32.dll
 0002:00000078       __imp_RtlCaptureContext    000000018000c078     kernel32:KERNEL32.dll
 0002:00000080       __imp_RtlLookupFunctionEntry 000000018000c080     kernel32:KERNEL32.dll
 0002:00000088       __imp_RtlVirtualUnwind     000000018000c088     kernel32:KERNEL32.dll
 0002:00000090       __imp_UnhandledExceptionFilter 000000018000c090     kernel32:KERNEL32.dll
 0002:00000098       __imp_SetUnhandledExceptionFilter 000000018000c098     kernel32:KERNEL32.dll
 0002:000000a0       __imp_GetCurrentProcess    000000018000c0a0     kernel32:KERNEL32.dll
 0002:000000a8       __imp_TerminateProcess     000000018000c0a8     kernel32:KERNEL32.dll
 0002:000000b0       __imp_IsProcessorFeaturePresent 000000018000c0b0     kernel32:KERNEL32.dll
 0002:000000b8       __imp_QueryPerformanceCounter 000000018000c0b8     kernel32:KERNEL32.dll
 0002:000000c0       __imp_GetCurrentProcessId  000000018000c0c0     kernel32:KERNEL32.dll
 0002:000000c8       __imp_GetCurrentThreadId   000000018000c0c8     kernel32:KERNEL32.dll
 0002:000000d0       __imp_GetSystemTimeAsFileTime 000000018000c0d0     kernel32:KERNEL32.dll
 0002:000000d8       __imp_InitializeSListHead  000000018000c0d8     kernel32:KERNEL32.dll
 0002:000000e0       __imp_IsDebuggerPresent    000000018000c0e0     kernel32:KERNEL32.dll
 0002:000000e8       __imp_GetStartupInfoW      000000018000c0e8     kernel32:KERNEL32.dll
 0002:000000f0       __imp_GetModuleHandleW     000000018000c0f0     kernel32:KERNEL32.dll
 0002:000000f8       __imp_RtlUnwindEx          000000018000c0f8     kernel32:KERNEL32.dll
 0002:00000100       __imp_InterlockedFlushSList 000000018000c100     kernel32:KERNEL32.dll
 0002:00000108       __imp_GetLastError         000000018000c108     kernel32:KERNEL32.dll
 0002:00000110       __imp_SetLastError         000000018000c110     kernel32:KERNEL32.dll
 0002:00000118       __imp_EnterCriticalSection 000000018000c118     kernel32:KERNEL32.dll
 0002:00000120       __imp_LeaveCriticalSection 000000018000c120     kernel32:KERNEL32.dll
 0002:00000128       __imp_DeleteCriticalSection 000000018000c128     kernel32:KERNEL32.dll
 0002:00000130       __imp_InitializeCriticalSectionAndSpinCount 000000018000c130     kernel32:KERNEL32.dll
 0002:00000138       __imp_TlsAlloc             000000018000c138     kernel32:KERNEL32.dll
 0002:00000140       __imp_TlsGetValue          000000018000c140     kernel32:KERNEL32.dll
 0002:00000148       __imp_TlsSetValue          000000018000c148     kernel32:KERNEL32.dll
 0002:00000150       __imp_TlsFree              000000018000c150     kernel32:KERNEL32.dll
 0002:00000158       __imp_FreeLibrary          000000018000c158     kernel32:KERNEL32.dll
 0002:00000160       __imp_GetProcAddress       000000018000c160     kernel32:KERNEL32.dll
 0002:00000168       __imp_LoadLibraryExW       000000018000c168     kernel32:KERNEL32.dll
 0002:00000170       __imp_ExitProcess          000000018000c170     kernel32:KERNEL32.dll
 0002:00000178       __imp_GetModuleHandleExW   000000018000c178     kernel32:KERNEL32.dll
 0002:00000180       __imp_GetModuleFileNameA   000000018000c180     kernel32:KERNEL32.dll
 0002:00000188       __imp_MultiByteToWideChar  000000018000c188     kernel32:KERNEL32.dll
 0002:00000190       __imp_WideCharToMultiByte  000000018000c190     kernel32:KERNEL32.dll
 0002:00000198       __imp_HeapFree             000000018000c198     kernel32:KERNEL32.dll
 0002:000001a0       __imp_HeapAlloc            000000018000c1a0     kernel32:KERNEL32.dll
 0002:000001a8       __imp_GetACP               000000018000c1a8     kernel32:KERNEL32.dll
 0002:000001b0       __imp_FindClose            000000018000c1b0     kernel32:KERNEL32.dll
 0002:000001b8       __imp_FindFirstFileExA     000000018000c1b8     kernel32:KERNEL32.dll
 0002:000001c0       __imp_FindNextFileA        000000018000c1c0     kernel32:KERNEL32.dll
 0002:000001c8       __imp_IsValidCodePage      000000018000c1c8     kernel32:KERNEL32.dll
 0002:000001d0       __imp_GetOEMCP             000000018000c1d0     kernel32:KERNEL32.dll
 0002:000001d8       __imp_GetCPInfo            000000018000c1d8     kernel32:KERNEL32.dll
 0002:000001e0       __imp_GetCommandLineA      000000018000c1e0     kernel32:KERNEL32.dll
 0002:000001e8       __imp_GetCommandLineW      000000018000c1e8     kernel32:KERNEL32.dll
 0002:000001f0       __imp_GetEnvironmentStringsW 000000018000c1f0     kernel32:KERNEL32.dll
 0002:000001f8       __imp_FreeEnvironmentStringsW 000000018000c1f8     kernel32:KERNEL32.dll
 0002:00000200       __imp_LCMapStringW         000000018000c200     kernel32:KERNEL32.dll
 0002:00000208       __imp_RaiseException       000000018000c208     kernel32:KERNEL32.dll
 0002:00000210       \177KERNEL32_NULL_THUNK_DATA 000000018000c210     kernel32:KERNEL32.dll
 0002:00000218       __imp_omp_get_thread_num   000000018000c218     vcomp:VCOMP140.DLL
 0002:00000220       \177VCOMP140_NULL_THUNK_DATA 000000018000c220     vcomp:VCOMP140.DLL
 0002:00000228       __imp_node_module_register 000000018000c228     iojs:node.dll
 0002:00000230       __imp_?SetName@Function@v8@@QEAAXV?$Local@VString@v8@@@2@@Z 000000018000c230     iojs:node.dll
 0002:00000238       __imp_?Set@Object@v8@@QEAA_NIV?$Local@VValue@v8@@@2@@Z 000000018000c238     iojs:node.dll
 0002:00000240       __imp_?Set@Object@v8@@QEAA_NV?$Local@VValue@v8@@@2@0@Z 000000018000c240     iojs:node.dll
 0002:00000248       __imp_?New@Number@v8@@SA?AV?$Local@VNumber@v8@@@2@PEAVIsolate@2@N@Z 000000018000c248     iojs:node.dll
 0002:00000250       __imp_?NewFromUtf8@String@v8@@SA?AV?$Local@VString@v8@@@2@PEAVIsolate@2@PEBDW4NewStringType@12@H@Z 000000018000c250     iojs:node.dll
 0002:00000258       __imp_?IsNumber@Value@v8@@QEBA_NXZ 000000018000c258     iojs:node.dll
 0002:00000260       __imp_?New@FunctionTemplate@v8@@SA?AV?$Local@VFunctionTemplate@v8@@@2@PEAVIsolate@2@P6AXAEBV?$FunctionCallbackInfo@VValue@v8@@@2@@ZV?$Local@VValue@v8@@@2@V?$Local@VSignature@v8@@@2@HW4ConstructorBehavior@2@@Z 000000018000c260     iojs:node.dll
 0002:00000268       __imp_?GetFunction@FunctionTemplate@v8@@QEAA?AV?$Local@VFunction@v8@@@2@XZ 000000018000c268     iojs:node.dll
 0002:00000270       __imp_?New@Array@v8@@SA?AV?$Local@VArray@v8@@@2@PEAVIsolate@2@H@Z 000000018000c270     iojs:node.dll
 0002:00000278       __imp_?TypeError@Exception@v8@@SA?AV?$Local@VValue@v8@@@2@V?$Local@VString@v8@@@2@@Z 000000018000c278     iojs:node.dll
 0002:00000280       __imp_??0HandleScope@v8@@QEAA@PEAVIsolate@1@@Z 000000018000c280     iojs:node.dll
 0002:00000288       __imp_??1HandleScope@v8@@QEAA@XZ 000000018000c288     iojs:node.dll
 0002:00000290       __imp_?GetCurrent@Isolate@v8@@SAPEAV12@XZ 000000018000c290     iojs:node.dll
 0002:00000298       __imp_?ThrowException@Isolate@v8@@QEAA?AV?$Local@VValue@v8@@@2@V32@@Z 000000018000c298     iojs:node.dll
 0002:000002a0       __imp_?NumberValue@Value@v8@@QEBANXZ 000000018000c2a0     iojs:node.dll
 0002:000002a8       \177node_NULL_THUNK_DATA   000000018000c2a8     iojs:node.dll
 0002:000002b0       __guard_check_icall_fptr   000000018000c2b0     LIBCMT:guard_support.obj
 0002:000002b8       __guard_dispatch_icall_fptr 000000018000c2b8     LIBCMT:guard_support.obj
 0002:000002c0       __xc_a                     000000018000c2c0     LIBCMT:initializers.obj
 0002:000002c8       _register_addon_           000000018000c2c8     hello.obj
 0002:000002d0       __xc_z                     000000018000c2d0     LIBCMT:initializers.obj
 0002:000002d8       __xi_a                     000000018000c2d8     LIBCMT:initializers.obj
 0002:000002e0       __acrt_multibyte_initializer 000000018000c2e0     libucrt:multibyte_initializer.obj
 0002:000002e8       __acrt_stdio_initializer   000000018000c2e8     libucrt:stdio_initializer.obj
 0002:000002f0       __acrt_tran_fma3_initializer 000000018000c2f0     libucrt:fma3_initializer.obj
 0002:000002f8       __xi_z                     000000018000c2f8     LIBCMT:initializers.obj
 0002:00000300       __xp_a                     000000018000c300     LIBCMT:initializers.obj
 0002:00000308       __acrt_locale_terminator   000000018000c308     libucrt:locale_initializer.obj
 0002:00000310       __dcrt_console_output_terminator 000000018000c310     libucrt:console_output_initializer.obj
 0002:00000318       __acrt_stdio_terminator    000000018000c318     libucrt:stdio_initializer.obj
 0002:00000320       __xp_z                     000000018000c320     LIBCMT:initializers.obj
 0002:00000328       __xt_a                     000000018000c328     LIBCMT:initializers.obj
 0002:00000330       __xt_z                     000000018000c330     LIBCMT:initializers.obj
 0002:00000340       _pRawDllMain               000000018000c340     LIBCMT:dll_dllmain.obj
 0002:00000340       _pDefaultRawDllMain        000000018000c340     LIBCMT:dll_dllmain.obj
 0002:00000358       ??_C@_0BM@LDKODKLH@?5Base?5Class?5Descriptor?5at?5?$CI?$AA@ 000000018000c358     libvcruntime:undname.obj
 0002:00000378       ??_C@_0BD@LGICGFMM@?5Base?5Class?5Array?8?$AA@ 000000018000c378     libvcruntime:undname.obj
 0002:00000390       ??_C@_0BN@MECKDCOJ@?5Class?5Hierarchy?5Descriptor?8?$AA@ 000000018000c390     libvcruntime:undname.obj
 0002:000003b0       ??_C@_0BK@CFCOFLF@?5Complete?5Object?5Locator?8?$AA@ 000000018000c3b0     libvcruntime:undname.obj
 0002:000006f8       ??_C@_08EHJDFFNH@__based?$CI?$AA@ 000000018000c6f8     libvcruntime:undname.obj
 0002:00000708       ??_C@_07KOLFKCDI@__cdecl?$AA@ 000000018000c708     libvcruntime:undname.obj
 0002:00000710       ??_C@_08GHMPAG@__pascal?$AA@ 000000018000c710     libvcruntime:undname.obj
 0002:00000720       ??_C@_09IFJBGAPI@__stdcall?$AA@ 000000018000c720     libvcruntime:undname.obj
 0002:00000730       ??_C@_0L@NPHFGOKO@__thiscall?$AA@ 000000018000c730     libvcruntime:undname.obj
 0002:00000740       ??_C@_0L@JMKHOMEK@__fastcall?$AA@ 000000018000c740     libvcruntime:undname.obj
 0002:00000750       ??_C@_0N@BCKKPABJ@__vectorcall?$AA@ 000000018000c750     libvcruntime:undname.obj
 0002:00000760       ??_C@_09HIJEGCPM@__clrcall?$AA@ 000000018000c760     libvcruntime:undname.obj
 0002:0000076c       ??_C@_06GHPCKEAG@__eabi?$AA@ 000000018000c76c     libvcruntime:undname.obj
 0002:00000778       ??_C@_07JOMMBBKO@__ptr64?$AA@ 000000018000c778     libvcruntime:undname.obj
 0002:00000780       ??_C@_0L@PILCLIHE@__restrict?$AA@ 000000018000c780     libvcruntime:undname.obj
 0002:00000790       ??_C@_0M@GFIIJFMG@__unaligned?$AA@ 000000018000c790     libvcruntime:undname.obj
 0002:000007a0       ??_C@_09DHDLOLLB@restrict?$CI?$AA@ 000000018000c7a0     libvcruntime:undname.obj
 0002:000007aa       ??_C@_00CNPNBAHC@?$AA@     000000018000c7aa     libvcruntime:undname.obj
 0002:000007ac       ??_C@_04NIHEBCM@?5new?$AA@ 000000018000c7ac     libvcruntime:undname.obj
 0002:000007b8       ??_C@_07FPCDHGMM@?5delete?$AA@ 000000018000c7b8     libvcruntime:undname.obj
 0002:000007c0       ??_C@_01NEMOKFLO@?$DN?$AA@ 000000018000c7c0     libvcruntime:undname.obj
 0002:000007c4       ??_C@_02GPIOPFAK@?$DO?$DO?$AA@ 000000018000c7c4     libvcruntime:undname.obj
 0002:000007c8       ??_C@_02FODMEDOG@?$DM?$DM?$AA@ 000000018000c7c8     libvcruntime:undname.obj
 0002:000007cc       ??_C@_01DCLJPIOD@?$CB?$AA@ 000000018000c7cc     libvcruntime:undname.obj
 0002:000007d0       ??_C@_02EGOFBIJA@?$DN?$DN?$AA@ 000000018000c7d0     libvcruntime:undname.obj
 0002:000007d4       ??_C@_02FDNJECIE@?$CB?$DN?$AA@ 000000018000c7d4     libvcruntime:undname.obj
 0002:000007d8       ??_C@_02GPECMEKF@?$FL?$FN?$AA@ 000000018000c7d8     libvcruntime:undname.obj
 0002:000007e0       ??_C@_08LHJFAFGD@operator?$AA@ 000000018000c7e0     libvcruntime:undname.obj
 0002:000007ec       ??_C@_02HBOOOICD@?9?$DO?$AA@ 000000018000c7ec     libvcruntime:undname.obj
 0002:000007f0       ??_C@_01NBENCBCI@?$CK?$AA@ 000000018000c7f0     libvcruntime:undname.obj
 0002:000007f4       ??_C@_02ECNGHCIF@?$CL?$CL?$AA@ 000000018000c7f4     libvcruntime:undname.obj
 0002:000007f8       ??_C@_02BAABKJLB@?9?9?$AA@ 000000018000c7f8     libvcruntime:undname.obj
 0002:000007fc       ??_C@_01JOAMLHOP@?9?$AA@   000000018000c7fc     libvcruntime:undname.obj
 0002:00000800       ??_C@_01MIFGBAGJ@?$CL?$AA@ 000000018000c800     libvcruntime:undname.obj
 0002:00000804       ??_C@_01HNPIGOCE@?$CG?$AA@ 000000018000c804     libvcruntime:undname.obj
 0002:00000808       ??_C@_03MNHNFDLC@?9?$DO?$CK?$AA@ 000000018000c808     libvcruntime:undname.obj
 0002:0000080c       ??_C@_01KMDKNFGN@?1?$AA@   000000018000c80c     libvcruntime:undname.obj
 0002:00000810       ??_C@_01FGNFDNOH@?$CF?$AA@ 000000018000c810     libvcruntime:undname.obj
 0002:00000814       ??_C@_01MNNFJEPP@?$DM?$AA@ 000000018000c814     libvcruntime:undname.obj
 0002:00000818       ??_C@_02EHCHHCKH@?$DM?$DN?$AA@ 000000018000c818     libvcruntime:undname.obj
 0002:0000081c       ??_C@_01PPODPGHN@?$DO?$AA@ 000000018000c81c     libvcruntime:undname.obj
 0002:00000820       ??_C@_02EEKDKGMJ@?$DO?$DN?$AA@ 000000018000c820     libvcruntime:undname.obj
 0002:00000824       ??_C@_01IHBHIGKO@?0?$AA@   000000018000c824     libvcruntime:undname.obj
 0002:00000828       ??_C@_02HCKGKOFO@?$CI?$CJ?$AA@ 000000018000c828     libvcruntime:undname.obj
 0002:0000082c       ??_C@_01PJKLJHI@?$HO?$AA@  000000018000c82c     libvcruntime:undname.obj
 0002:00000830       ??_C@_01JKBOJNNK@?$FO?$AA@ 000000018000c830     libvcruntime:undname.obj
 0002:00000834       ??_C@_01DNKMNLPK@?$HM?$AA@ 000000018000c834     libvcruntime:undname.obj
 0002:00000838       ??_C@_02PPKAJPJL@?$CG?$CG?$AA@ 000000018000c838     libvcruntime:undname.obj
 0002:0000083c       ??_C@_02NONPIBCD@?$HM?$HM?$AA@ 000000018000c83c     libvcruntime:undname.obj
 0002:00000840       ??_C@_02FPIMKNGF@?$CK?$DN?$AA@ 000000018000c840     libvcruntime:undname.obj
 0002:00000844       ??_C@_02FOEOMHFC@?$CL?$DN?$AA@ 000000018000c844     libvcruntime:undname.obj
 0002:00000848       ??_C@_02FKMDLLOA@?9?$DN?$AA@ 000000018000c848     libvcruntime:undname.obj
 0002:0000084c       ??_C@_02FJEHGPIO@?1?$DN?$AA@ 000000018000c84c     libvcruntime:undname.obj
 0002:00000850       ??_C@_02FENAOKFI@?$CF?$DN?$AA@ 000000018000c850     libvcruntime:undname.obj
 0002:00000854       ??_C@_03IKFCCPFF@?$DO?$DO?$DN?$AA@ 000000018000c854     libvcruntime:undname.obj
 0002:00000858       ??_C@_03CDNPDDLA@?$DM?$DM?$DN?$AA@ 000000018000c858     libvcruntime:undname.obj
 0002:0000085c       ??_C@_02FGJGFEAB@?$CG?$DN?$AA@ 000000018000c85c     libvcruntime:undname.obj
 0002:00000860       ??_C@_02DHLNPPGH@?$HM?$DN?$AA@ 000000018000c860     libvcruntime:undname.obj
 0002:00000864       ??_C@_02MHEGNOJ@?$FO?$DN?$AA@ 000000018000c864     libvcruntime:undname.obj
 0002:00000868       ??_C@_09IFPLHPGF@?$GAvftable?8?$AA@ 000000018000c868     libvcruntime:undname.obj
 0002:00000878       ??_C@_09BLBHBJP@?$GAvbtable?8?$AA@ 000000018000c878     libvcruntime:undname.obj
 0002:00000888       ??_C@_07FEEIOKP@?$GAvcall?8?$AA@ 000000018000c888     libvcruntime:undname.obj
 0002:00000890       ??_C@_08LLFFHHDJ@?$GAtypeof?8?$AA@ 000000018000c890     libvcruntime:undname.obj
 0002:000008a0       ??_C@_0BF@KDPPACIK@?$GAlocal?5static?5guard?8?$AA@ 000000018000c8a0     libvcruntime:undname.obj
 0002:000008b8       ??_C@_08OBABFOLI@?$GAstring?8?$AA@ 000000018000c8b8     libvcruntime:undname.obj
 0002:000008c8       ??_C@_0BD@JDLKDPAB@?$GAvbase?5destructor?8?$AA@ 000000018000c8c8     libvcruntime:undname.obj
 0002:000008e0       ??_C@_0BN@DEGPLNFK@?$GAvector?5deleting?5destructor?8?$AA@ 000000018000c8e0     libvcruntime:undname.obj
 0002:00000900       ??_C@_0BO@OBMKPJIG@?$GAdefault?5constructor?5closure?8?$AA@ 000000018000c900     libvcruntime:undname.obj
 0002:00000920       ??_C@_0BN@IMDCHIKM@?$GAscalar?5deleting?5destructor?8?$AA@ 000000018000c920     libvcruntime:undname.obj
 0002:00000940       ??_C@_0BO@PFGOCPJJ@?$GAvector?5constructor?5iterator?8?$AA@ 000000018000c940     libvcruntime:undname.obj
 0002:00000960       ??_C@_0BN@LFPFMEDL@?$GAvector?5destructor?5iterator?8?$AA@ 000000018000c960     libvcruntime:undname.obj
 0002:00000980       ??_C@_0CE@IKBNEHA@?$GAvector?5vbase?5constructor?5iterat@ 000000018000c980     libvcruntime:undname.obj
 0002:000009a8       ??_C@_0BL@NILFHHPC@?$GAvirtual?5displacement?5map?8?$AA@ 000000018000c9a8     libvcruntime:undname.obj
 0002:000009c8       ??_C@_0CB@JONCMFFK@?$GAeh?5vector?5constructor?5iterator?8@ 000000018000c9c8     libvcruntime:undname.obj
 0002:000009f0       ??_C@_0CA@GCEOPDGL@?$GAeh?5vector?5destructor?5iterator?8?$AA@ 000000018000c9f0     libvcruntime:undname.obj
 0002:00000a10       ??_C@_0CH@OOJPLCPH@?$GAeh?5vector?5vbase?5constructor?5ite@ 000000018000ca10     libvcruntime:undname.obj
 0002:00000a38       ??_C@_0BL@LLKPOHJI@?$GAcopy?5constructor?5closure?8?$AA@ 000000018000ca38     libvcruntime:undname.obj
 0002:00000a58       ??_C@_0BA@KBCDOMBN@?$GAudt?5returning?8?$AA@ 000000018000ca58     libvcruntime:undname.obj
 0002:00000a68       ??_C@_03KLGMFNMG@?$GAEH?$AA@ 000000018000ca68     libvcruntime:undname.obj
 0002:00000a6c       ??_C@_05KHLCHHI@?$GARTTI?$AA@ 000000018000ca6c     libvcruntime:undname.obj
 0002:00000a78       ??_C@_0BA@KKLDJDLB@?$GAlocal?5vftable?8?$AA@ 000000018000ca78     libvcruntime:undname.obj
 0002:00000a88       ??_C@_0CE@IIHCMGGL@?$GAlocal?5vftable?5constructor?5closu@ 000000018000ca88     libvcruntime:undname.obj
 0002:00000aac       ??_C@_06FHBGPFGH@?5new?$FL?$FN?$AA@ 000000018000caac     libvcruntime:undname.obj
 0002:00000ab8       ??_C@_09LBNFPBCA@?5delete?$FL?$FN?$AA@ 000000018000cab8     libvcruntime:undname.obj
 0002:00000ac8       ??_C@_0P@HJKNJFNN@?$GAomni?5callsig?8?$AA@ 000000018000cac8     libvcruntime:undname.obj
 0002:00000ad8       ??_C@_0BL@CNOONJFP@?$GAplacement?5delete?5closure?8?$AA@ 000000018000cad8     libvcruntime:undname.obj
 0002:00000af8       ??_C@_0BN@CKNJLHMB@?$GAplacement?5delete?$FL?$FN?5closure?8?$AA@ 000000018000caf8     libvcruntime:undname.obj
 0002:00000b18       ??_C@_0CG@CFDHKGGD@?$GAmanaged?5vector?5constructor?5iter@ 000000018000cb18     libvcruntime:undname.obj
 0002:00000b40       ??_C@_0CF@IMGKMJNO@?$GAmanaged?5vector?5destructor?5itera@ 000000018000cb40     libvcruntime:undname.obj
 0002:00000b68       ??_C@_0CG@HLDDJMAG@?$GAeh?5vector?5copy?5constructor?5iter@ 000000018000cb68     libvcruntime:undname.obj
 0002:00000b90       ??_C@_0CM@FCBBDIGB@?$GAeh?5vector?5vbase?5copy?5constructo@ 000000018000cb90     libvcruntime:undname.obj
 0002:00000bc0       ??_C@_0BL@CLIPGLGB@?$GAdynamic?5initializer?5for?5?8?$AA@ 000000018000cbc0     libvcruntime:undname.obj
 0002:00000be0       ??_C@_0CB@PDBIFEP@?$GAdynamic?5atexit?5destructor?5for?5?8@ 000000018000cbe0     libvcruntime:undname.obj
 0002:00000c08       ??_C@_0CD@CGAJBKEJ@?$GAvector?5copy?5constructor?5iterato@ 000000018000cc08     libvcruntime:undname.obj
 0002:00000c30       ??_C@_0CJ@GJELGAMM@?$GAvector?5vbase?5copy?5constructor?5i@ 000000018000cc30     libvcruntime:undname.obj
 0002:00000c60       ??_C@_0CL@FGIJHLCE@?$GAmanaged?5vector?5copy?5constructor@ 000000018000cc60     libvcruntime:undname.obj
 0002:00000c90       ??_C@_0BM@PMGGMLDN@?$GAlocal?5static?5thread?5guard?8?$AA@ 000000018000cc90     libvcruntime:undname.obj
 0002:00000cb0       ??_C@_0N@BDNMDMOL@operator?5?$CC?$CC?5?$AA@ 000000018000ccb0     libvcruntime:undname.obj
 0002:00000cc0       ??_C@_0BC@GGEBGALA@operator?5co_await?$AA@ 000000018000ccc0     libvcruntime:undname.obj
 0002:00000cd8       ??_C@_0BC@DAFEJGAK@?5Type?5Descriptor?8?$AA@ 000000018000ccd8     libvcruntime:undname.obj
 0002:00000d08       ??_C@_1DM@KHCHBNEB@?$AAa?$AAp?$AAi?$AA?9?$AAm?$AAs?$AA?9?$AAw?$AAi?$AAn?$AA?9?$AAc?$AAo?$AAr?$AAe?$AA?9?$AAf?$AAi?$AAb?$AAe?$AAr?$AAs?$AA?9?$AAl?$AA1?$AA?9?$AA1?$AA?9?$AA1?$AA?$AA@ 000000018000cd08     libvcruntime:winapi_downlevel.obj
 0002:00000d48       ??_C@_1DK@LPPGFMPP@?$AAa?$AAp?$AAi?$AA?9?$AAm?$AAs?$AA?9?$AAw?$AAi?$AAn?$AA?9?$AAc?$AAo?$AAr?$AAe?$AA?9?$AAs?$AAy?$AAn?$AAc?$AAh?$AA?9?$AAl?$AA1?$AA?9?$AA2?$AA?9?$AA0?$AA?$AA@ 000000018000cd48     libvcruntime:winapi_downlevel.obj
 0002:00000d88       ??_C@_1BC@GDMECMAK@?$AAk?$AAe?$AAr?$AAn?$AAe?$AAl?$AA3?$AA2?$AA?$AA@ 000000018000cd88     libvcruntime:winapi_downlevel.obj
 0002:00000da0       ??_C@_1BA@PFFKHIOG@?$AAa?$AAp?$AAi?$AA?9?$AAm?$AAs?$AA?9?$AA?$AA@ 000000018000cda0     libvcruntime:winapi_downlevel.obj
 0002:00000db0       ??_C@_1BA@IAIFMGEF@?$AAe?$AAx?$AAt?$AA?9?$AAm?$AAs?$AA?9?$AA?$AA@ 000000018000cdb0     libvcruntime:winapi_downlevel.obj
 0002:00000dc8       ??_C@_08KNHFBNJ@FlsAlloc?$AA@ 000000018000cdc8     libvcruntime:winapi_downlevel.obj
 0002:00000de0       ??_C@_07PEJMOBNF@FlsFree?$AA@ 000000018000cde0     libvcruntime:winapi_downlevel.obj
 0002:00000df0       ??_C@_0M@GDNOONDI@FlsGetValue?$AA@ 000000018000cdf0     libvcruntime:winapi_downlevel.obj
 0002:00000e08       ??_C@_0M@JCPCPOEF@FlsSetValue?$AA@ 000000018000ce08     libvcruntime:winapi_downlevel.obj
 0002:00000e20       ??_C@_0BM@HCFOFFN@InitializeCriticalSectionEx?$AA@ 000000018000ce20     libvcruntime:winapi_downlevel.obj
 0002:00000e40       __acrt_exception_action_table 000000018000ce40     libucrt:exception_filter.obj
 0002:00000f00       __acrt_signal_action_table_count 000000018000cf00     libucrt:exception_filter.obj
 0002:00000f08       __acrt_signal_action_first_fpe_index 000000018000cf08     libucrt:exception_filter.obj
 0002:00000f10       __acrt_signal_action_fpe_count 000000018000cf10     libucrt:exception_filter.obj
 0002:00000f18       ??_C@_1BI@BGOHAHKC@?$AAm?$AAs?$AAc?$AAo?$AAr?$AAe?$AAe?$AA?4?$AAd?$AAl?$AAl?$AA?$AA@ 000000018000cf18     libucrt:exit.obj
 0002:00000f30       ??_C@_0P@MIGLKIOC@CorExitProcess?$AA@ 000000018000cf30     libucrt:exit.obj
 0002:00001190       ??_C@_03KOEHGMDN@Sun?$AA@  000000018000d190     libucrt:nlsdata.obj
 0002:00001194       ??_C@_03PDAGKDH@Mon?$AA@   000000018000d194     libucrt:nlsdata.obj
 0002:00001198       ??_C@_03NAGEINEP@Tue?$AA@  000000018000d198     libucrt:nlsdata.obj
 0002:0000119c       ??_C@_03MHOMLAJA@Wed?$AA@  000000018000d19c     libucrt:nlsdata.obj
 0002:000011a0       ??_C@_03IOFIKPDN@Thu?$AA@  000000018000d1a0     libucrt:nlsdata.obj
 0002:000011a4       ??_C@_03IDIOELNC@Fri?$AA@  000000018000d1a4     libucrt:nlsdata.obj
 0002:000011a8       ??_C@_03FEFJNEK@Sat?$AA@   000000018000d1a8     libucrt:nlsdata.obj
 0002:000011ac       ??_C@_06OOPIFAJ@Sunday?$AA@ 000000018000d1ac     libucrt:nlsdata.obj
 0002:000011b4       ??_C@_06JLEDEDGH@Monday?$AA@ 000000018000d1b4     libucrt:nlsdata.obj
 0002:000011c0       ??_C@_07BAAGCFCM@Tuesday?$AA@ 000000018000d1c0     libucrt:nlsdata.obj
 0002:000011c8       ??_C@_09DLIGFAKA@Wednesday?$AA@ 000000018000d1c8     libucrt:nlsdata.obj
 0002:000011d8       ??_C@_08HACCIKIA@Thursday?$AA@ 000000018000d1d8     libucrt:nlsdata.obj
 0002:000011e4       ??_C@_06JECMNKMI@Friday?$AA@ 000000018000d1e4     libucrt:nlsdata.obj
 0002:000011f0       ??_C@_08INBOOONO@Saturday?$AA@ 000000018000d1f0     libucrt:nlsdata.obj
 0002:000011fc       ??_C@_03JIHJHPIE@Jan?$AA@  000000018000d1fc     libucrt:nlsdata.obj
 0002:00001200       ??_C@_03HJBDCHOM@Feb?$AA@  000000018000d200     libucrt:nlsdata.obj
 0002:00001204       ??_C@_03ODNJBKGA@Mar?$AA@  000000018000d204     libucrt:nlsdata.obj
 0002:00001208       ??_C@_03LEOLGMJP@Apr?$AA@  000000018000d208     libucrt:nlsdata.obj
 0002:0000120c       ??_C@_03CNMDKL@May?$AA@    000000018000d20c     libucrt:nlsdata.obj
 0002:00001210       ??_C@_03IDFGHECI@Jun?$AA@  000000018000d210     libucrt:nlsdata.obj
 0002:00001214       ??_C@_03LBGABGKK@Jul?$AA@  000000018000d214     libucrt:nlsdata.obj
 0002:00001218       ??_C@_03IFJFEIGA@Aug?$AA@  000000018000d218     libucrt:nlsdata.obj
 0002:0000121c       ??_C@_03GGCAPAJC@Sep?$AA@  000000018000d21c     libucrt:nlsdata.obj
 0002:00001220       ??_C@_03BMAOKBAD@Oct?$AA@  000000018000d220     libucrt:nlsdata.obj
 0002:00001224       ??_C@_03JPJOFNIA@Nov?$AA@  000000018000d224     libucrt:nlsdata.obj
 0002:00001228       ??_C@_03MKABNOCG@Dec?$AA@  000000018000d228     libucrt:nlsdata.obj
 0002:00001230       ??_C@_07CGJPFGJA@January?$AA@ 000000018000d230     libucrt:nlsdata.obj
 0002:00001238       ??_C@_08GNJGEPFN@February?$AA@ 000000018000d238     libucrt:nlsdata.obj
 0002:00001244       ??_C@_05HPCKOFNC@March?$AA@ 000000018000d244     libucrt:nlsdata.obj
 0002:0000124c       ??_C@_05DMJDNLEJ@April?$AA@ 000000018000d24c     libucrt:nlsdata.obj
 0002:00001254       ??_C@_04CNLMGBGM@June?$AA@ 000000018000d254     libucrt:nlsdata.obj
 0002:0000125c       ??_C@_04MIEPOIFP@July?$AA@ 000000018000d25c     libucrt:nlsdata.obj
 0002:00001264       ??_C@_06LBBHFDDG@August?$AA@ 000000018000d264     libucrt:nlsdata.obj
 0002:00001270       ??_C@_09BHHEALKD@September?$AA@ 000000018000d270     libucrt:nlsdata.obj
 0002:00001280       ??_C@_07JJNFCEND@October?$AA@ 000000018000d280     libucrt:nlsdata.obj
 0002:00001288       ??_C@_08HCHEGEOA@November?$AA@ 000000018000d288     libucrt:nlsdata.obj
 0002:00001298       ??_C@_08EDHMEBNP@December?$AA@ 000000018000d298     libucrt:nlsdata.obj
 0002:000012a4       ??_C@_02DEDBPAFC@AM?$AA@   000000018000d2a4     libucrt:nlsdata.obj
 0002:000012a8       ??_C@_02CJNFDJBF@PM?$AA@   000000018000d2a8     libucrt:nlsdata.obj
 0002:000012b0       ??_C@_08BPBNCDIB@MM?1dd?1yy?$AA@ 000000018000d2b0     libucrt:nlsdata.obj
 0002:000012c0       ??_C@_0BE@CKGJFCPC@dddd?0?5MMMM?5dd?0?5yyyy?$AA@ 000000018000d2c0     libucrt:nlsdata.obj
 0002:000012d8       ??_C@_08JCCMCCIL@HH?3mm?3ss?$AA@ 000000018000d2d8     libucrt:nlsdata.obj
 0002:000012e8       ??_C@_17MBGCMIPB@?$AAS?$AAu?$AAn?$AA?$AA@ 000000018000d2e8     libucrt:nlsdata.obj
 0002:000012f0       ??_C@_17KBOMKBF@?$AAM?$AAo?$AAn?$AA?$AA@ 000000018000d2f0     libucrt:nlsdata.obj
 0002:000012f8       ??_C@_17BMKGEGOJ@?$AAT?$AAu?$AAe?$AA?$AA@ 000000018000d2f8     libucrt:nlsdata.obj
 0002:00001300       ??_C@_17CJEDCEPE@?$AAW?$AAe?$AAd?$AA?$AA@ 000000018000d300     libucrt:nlsdata.obj
 0002:00001308       ??_C@_17PDPHAADD@?$AAT?$AAh?$AAu?$AA?$AA@ 000000018000d308     libucrt:nlsdata.obj
 0002:00001310       ??_C@_17HFOLPPLP@?$AAF?$AAr?$AAi?$AA?$AA@ 000000018000d310     libucrt:nlsdata.obj
 0002:00001318       ??_C@_17GGIBDPIH@?$AAS?$AAa?$AAt?$AA?$AA@ 000000018000d318     libucrt:nlsdata.obj
 0002:00001320       ??_C@_1O@IHNHDHPB@?$AAS?$AAu?$AAn?$AAd?$AAa?$AAy?$AA?$AA@ 000000018000d320     libucrt:nlsdata.obj
 0002:00001330       ??_C@_1O@MMNBFLIA@?$AAM?$AAo?$AAn?$AAd?$AAa?$AAy?$AA?$AA@ 000000018000d330     libucrt:nlsdata.obj
 0002:00001340       ??_C@_1BA@ENFBFFEK@?$AAT?$AAu?$AAe?$AAs?$AAd?$AAa?$AAy?$AA?$AA@ 000000018000d340     libucrt:nlsdata.obj
 0002:00001350       ??_C@_1BE@EBOGMDOH@?$AAW?$AAe?$AAd?$AAn?$AAe?$AAs?$AAd?$AAa?$AAy?$AA?$AA@ 000000018000d350     libucrt:nlsdata.obj
 0002:00001368       ??_C@_1BC@HHMNLIHE@?$AAT?$AAh?$AAu?$AAr?$AAs?$AAd?$AAa?$AAy?$AA?$AA@ 000000018000d368     libucrt:nlsdata.obj
 0002:00001380       ??_C@_1O@PDICJHAG@?$AAF?$AAr?$AAi?$AAd?$AAa?$AAy?$AA?$AA@ 000000018000d380     libucrt:nlsdata.obj
 0002:00001390       ??_C@_1BC@ENMNNPAJ@?$AAS?$AAa?$AAt?$AAu?$AAr?$AAd?$AAa?$AAy?$AA?$AA@ 000000018000d390     libucrt:nlsdata.obj
 0002:000013a8       ??_C@_17DKNBKCHM@?$AAJ?$AAa?$AAn?$AA?$AA@ 000000018000d3a8     libucrt:nlsdata.obj
 0002:000013b0       ??_C@_17LMDJEKJN@?$AAF?$AAe?$AAb?$AA?$AA@ 000000018000d3b0     libucrt:nlsdata.obj
 0002:000013b8       ??_C@_17CKNLEDEC@?$AAM?$AAa?$AAr?$AA?$AA@ 000000018000d3b8     libucrt:nlsdata.obj
 0002:000013c0       ??_C@_17LFPOIHDD@?$AAA?$AAp?$AAr?$AA?$AA@ 000000018000d3c0     libucrt:nlsdata.obj
 0002:000013c8       ??_C@_17PNNKMEED@?$AAM?$AAa?$AAy?$AA?$AA@ 000000018000d3c8     libucrt:nlsdata.obj
 0002:000013d0       ??_C@_17KCJGOCPB@?$AAJ?$AAu?$AAn?$AA?$AA@ 000000018000d3d0     libucrt:nlsdata.obj
 0002:000013d8       ??_C@_17IJPCKHK@?$AAJ?$AAu?$AAl?$AA?$AA@ 000000018000d3d8     libucrt:nlsdata.obj
 0002:000013e0       ??_C@_17ICPELBCN@?$AAA?$AAu?$AAg?$AA?$AA@ 000000018000d3e0     libucrt:nlsdata.obj
 0002:000013e8       ??_C@_17HCHCOKMG@?$AAS?$AAe?$AAp?$AA?$AA@ 000000018000d3e8     libucrt:nlsdata.obj
 0002:000013f0       ??_C@_17FNLKOI@?$AAO?$AAc?$AAt?$AA?$AA@ 000000018000d3f0     libucrt:nlsdata.obj
 0002:000013f8       ??_C@_17BBDMLCIG@?$AAN?$AAo?$AAv?$AA?$AA@ 000000018000d3f8     libucrt:nlsdata.obj
 0002:00001400       ??_C@_17EGKACKIF@?$AAD?$AAe?$AAc?$AA?$AA@ 000000018000d400     libucrt:nlsdata.obj
 0002:00001408       ??_C@_1BA@EFMEIEBA@?$AAJ?$AAa?$AAn?$AAu?$AAa?$AAr?$AAy?$AA?$AA@ 000000018000d408     libucrt:nlsdata.obj
 0002:00001418       ??_C@_1BC@JGDDFFAM@?$AAF?$AAe?$AAb?$AAr?$AAu?$AAa?$AAr?$AAy?$AA?$AA@ 000000018000d418     libucrt:nlsdata.obj
 0002:00001430       ??_C@_1M@IKEENEDF@?$AAM?$AAa?$AAr?$AAc?$AAh?$AA?$AA@ 000000018000d430     libucrt:nlsdata.obj
 0002:00001440       ??_C@_1M@GJNLMHFD@?$AAA?$AAp?$AAr?$AAi?$AAl?$AA?$AA@ 000000018000d440     libucrt:nlsdata.obj
 0002:00001450       ??_C@_19EPFLPGAP@?$AAJ?$AAu?$AAn?$AAe?$AA?$AA@ 000000018000d450     libucrt:nlsdata.obj
 0002:00001460       ??_C@_19BIFMLPCD@?$AAJ?$AAu?$AAl?$AAy?$AA?$AA@ 000000018000d460     libucrt:nlsdata.obj
 0002:00001470       ??_C@_1O@PAHLKOAC@?$AAA?$AAu?$AAg?$AAu?$AAs?$AAt?$AA?$AA@ 000000018000d470     libucrt:nlsdata.obj
 0002:00001480       ??_C@_1BE@DKAAMBJL@?$AAS?$AAe?$AAp?$AAt?$AAe?$AAm?$AAb?$AAe?$AAr?$AA?$AA@ 000000018000d480     libucrt:nlsdata.obj
 0002:00001498       ??_C@_1BA@EPANDLNG@?$AAO?$AAc?$AAt?$AAo?$AAb?$AAe?$AAr?$AA?$AA@ 000000018000d498     libucrt:nlsdata.obj
 0002:000014a8       ??_C@_1BC@BGLIFPF@?$AAN?$AAo?$AAv?$AAe?$AAm?$AAb?$AAe?$AAr?$AA?$AA@ 000000018000d4a8     libucrt:nlsdata.obj
 0002:000014c0       ??_C@_1BC@FEMKIFH@?$AAD?$AAe?$AAc?$AAe?$AAm?$AAb?$AAe?$AAr?$AA?$AA@ 000000018000d4c0     libucrt:nlsdata.obj
 0002:000014d4       ??_C@_15ODEHAHHF@?$AAA?$AAM?$AA?$AA@ 000000018000d4d4     libucrt:nlsdata.obj
 0002:000014dc       ??_C@_15CLMNNGEL@?$AAP?$AAM?$AA?$AA@ 000000018000d4dc     libucrt:nlsdata.obj
 0002:000014e8       ??_C@_1BC@IEBCMHCM@?$AAM?$AAM?$AA?1?$AAd?$AAd?$AA?1?$AAy?$AAy?$AA?$AA@ 000000018000d4e8     libucrt:nlsdata.obj
 0002:00001500       ??_C@_1CI@KNAKOEBC@?$AAd?$AAd?$AAd?$AAd?$AA?0?$AA?5?$AAM?$AAM?$AAM?$AAM?$AA?5?$AAd?$AAd?$AA?0?$AA?5?$AAy?$AAy?$AAy?$AAy?$AA?$AA@ 000000018000d500     libucrt:nlsdata.obj
 0002:00001528       ??_C@_1BC@GDGBMEMK@?$AAH?$AAH?$AA?3?$AAm?$AAm?$AA?3?$AAs?$AAs?$AA?$AA@ 000000018000d528     libucrt:nlsdata.obj
 0002:00001540       ??_C@_1M@BMHNFIME@?$AAe?$AAn?$AA?9?$AAU?$AAS?$AA?$AA@ 000000018000d540     libucrt:nlsdata.obj
 0002:00001550       __lc_time_c                000000018000d550     libucrt:nlsdata.obj
 0002:00001830       ??_C@_1M@HPNHIDJI@?$AAj?$AAa?$AA?9?$AAJ?$AAP?$AA?$AA@ 000000018000d830     libucrt:mbctype.obj
 0002:00001840       ??_C@_1M@BIBDDEMK@?$AAz?$AAh?$AA?9?$AAC?$AAN?$AA?$AA@ 000000018000d840     libucrt:mbctype.obj
 0002:00001850       ??_C@_1M@JLOOOEGK@?$AAk?$AAo?$AA?9?$AAK?$AAR?$AA?$AA@ 000000018000d850     libucrt:mbctype.obj
 0002:00001860       ??_C@_1M@CLNBBOPM@?$AAz?$AAh?$AA?9?$AAT?$AAW?$AA?$AA@ 000000018000d860     libucrt:mbctype.obj
 0002:00001910       ??_C@_1EA@JGEFHKEI@?$AAa?$AAp?$AAi?$AA?9?$AAm?$AAs?$AA?9?$AAw?$AAi?$AAn?$AA?9?$AAc?$AAo?$AAr?$AAe?$AA?9?$AAd?$AAa?$AAt?$AAe?$AAt?$AAi?$AAm?$AAe?$AA?9?$AAl?$AA1?$AA?9?$AA1?$AA?9?$AA1?$AA?$AA@ 000000018000d910     libucrt:winapi_thunks.obj
 0002:00001950       ??_C@_1DI@IJCEHOCB@?$AAa?$AAp?$AAi?$AA?9?$AAm?$AAs?$AA?9?$AAw?$AAi?$AAn?$AA?9?$AAc?$AAo?$AAr?$AAe?$AA?9?$AAf?$AAi?$AAl?$AAe?$AA?9?$AAl?$AA1?$AA?9?$AA2?$AA?9?$AA2?$AA?$AA@ 000000018000d950     libucrt:winapi_thunks.obj
 0002:00001990       ??_C@_1EI@MPIAOHOC@?$AAa?$AAp?$AAi?$AA?9?$AAm?$AAs?$AA?9?$AAw?$AAi?$AAn?$AA?9?$AAc?$AAo?$AAr?$AAe?$AA?9?$AAl?$AAo?$AAc?$AAa?$AAl?$AAi?$AAz?$AAa?$AAt?$AAi?$AAo?$AAn?$AA?9?$AAl?$AA1?$AA?9@ 000000018000d990     libucrt:winapi_thunks.obj
 0002:000019e0       ??_C@_1FK@FPHCKFIE@?$AAa?$AAp?$AAi?$AA?9?$AAm?$AAs?$AA?9?$AAw?$AAi?$AAn?$AA?9?$AAc?$AAo?$AAr?$AAe?$AA?9?$AAl?$AAo?$AAc?$AAa?$AAl?$AAi?$AAz?$AAa?$AAt?$AAi?$AAo?$AAn?$AA?9?$AAo?$AAb?$AAs@ 000000018000d9e0     libucrt:winapi_thunks.obj
 0002:00001a40       ??_C@_1EM@DILCGIIO@?$AAa?$AAp?$AAi?$AA?9?$AAm?$AAs?$AA?9?$AAw?$AAi?$AAn?$AA?9?$AAc?$AAo?$AAr?$AAe?$AA?9?$AAp?$AAr?$AAo?$AAc?$AAe?$AAs?$AAs?$AAt?$AAh?$AAr?$AAe?$AAa?$AAd?$AAs?$AA?9?$AAl@ 000000018000da40     libucrt:winapi_thunks.obj
 0002:00001a90       ??_C@_1DM@LNCGDDPN@?$AAa?$AAp?$AAi?$AA?9?$AAm?$AAs?$AA?9?$AAw?$AAi?$AAn?$AA?9?$AAc?$AAo?$AAr?$AAe?$AA?9?$AAs?$AAt?$AAr?$AAi?$AAn?$AAg?$AA?9?$AAl?$AA1?$AA?9?$AA1?$AA?9?$AA0?$AA?$AA@ 000000018000da90     libucrt:winapi_thunks.obj
 0002:00001ad0       ??_C@_1DO@FPAPJEMD@?$AAa?$AAp?$AAi?$AA?9?$AAm?$AAs?$AA?9?$AAw?$AAi?$AAn?$AA?9?$AAc?$AAo?$AAr?$AAe?$AA?9?$AAs?$AAy?$AAs?$AAi?$AAn?$AAf?$AAo?$AA?9?$AAl?$AA1?$AA?9?$AA2?$AA?9?$AA1?$AA?$AA@ 000000018000dad0     libucrt:winapi_thunks.obj
 0002:00001b10       ??_C@_1DK@NDHNAHIO@?$AAa?$AAp?$AAi?$AA?9?$AAm?$AAs?$AA?9?$AAw?$AAi?$AAn?$AA?9?$AAc?$AAo?$AAr?$AAe?$AA?9?$AAw?$AAi?$AAn?$AAr?$AAt?$AA?9?$AAl?$AA1?$AA?9?$AA1?$AA?9?$AA0?$AA?$AA@ 000000018000db10     libucrt:winapi_thunks.obj
 0002:00001b50       ??_C@_1DM@KGHDGBCM@?$AAa?$AAp?$AAi?$AA?9?$AAm?$AAs?$AA?9?$AAw?$AAi?$AAn?$AA?9?$AAc?$AAo?$AAr?$AAe?$AA?9?$AAx?$AAs?$AAt?$AAa?$AAt?$AAe?$AA?9?$AAl?$AA2?$AA?9?$AA1?$AA?9?$AA0?$AA?$AA@ 000000018000db50     libucrt:winapi_thunks.obj
 0002:00001b90       ??_C@_1EO@IJIOEFOH@?$AAa?$AAp?$AAi?$AA?9?$AAm?$AAs?$AA?9?$AAw?$AAi?$AAn?$AA?9?$AAr?$AAt?$AAc?$AAo?$AAr?$AAe?$AA?9?$AAn?$AAt?$AAu?$AAs?$AAe?$AAr?$AA?9?$AAw?$AAi?$AAn?$AAd?$AAo?$AAw?$AA?9@ 000000018000db90     libucrt:winapi_thunks.obj
 0002:00001be0       ??_C@_1FG@HHGEKANL@?$AAa?$AAp?$AAi?$AA?9?$AAm?$AAs?$AA?9?$AAw?$AAi?$AAn?$AA?9?$AAs?$AAe?$AAc?$AAu?$AAr?$AAi?$AAt?$AAy?$AA?9?$AAs?$AAy?$AAs?$AAt?$AAe?$AAm?$AAf?$AAu?$AAn?$AAc?$AAt?$AAi@ 000000018000dbe0     libucrt:winapi_thunks.obj
 0002:00001c40       ??_C@_1EG@DBIOJECG@?$AAe?$AAx?$AAt?$AA?9?$AAm?$AAs?$AA?9?$AAw?$AAi?$AAn?$AA?9?$AAn?$AAt?$AAu?$AAs?$AAe?$AAr?$AA?9?$AAd?$AAi?$AAa?$AAl?$AAo?$AAg?$AAb?$AAo?$AAx?$AA?9?$AAl?$AA1?$AA?9?$AA1@ 000000018000dc40     libucrt:winapi_thunks.obj
 0002:00001c90       ??_C@_1EO@FIHMJCLF@?$AAe?$AAx?$AAt?$AA?9?$AAm?$AAs?$AA?9?$AAw?$AAi?$AAn?$AA?9?$AAn?$AAt?$AAu?$AAs?$AAe?$AAr?$AA?9?$AAw?$AAi?$AAn?$AAd?$AAo?$AAw?$AAs?$AAt?$AAa?$AAt?$AAi?$AAo?$AAn?$AA?9@ 000000018000dc90     libucrt:winapi_thunks.obj
 0002:00001ce0       ??_C@_1BC@DNHGCMLG@?$AAa?$AAd?$AAv?$AAa?$AAp?$AAi?$AA3?$AA2?$AA?$AA@ 000000018000dce0     libucrt:winapi_thunks.obj
 0002:00001cf8       ??_C@_1M@OAIMIKLP@?$AAn?$AAt?$AAd?$AAl?$AAl?$AA?$AA@ 000000018000dcf8     libucrt:winapi_thunks.obj
 0002:00001d10       ??_C@_1EG@DPGNFKGC@?$AAa?$AAp?$AAi?$AA?9?$AAm?$AAs?$AA?9?$AAw?$AAi?$AAn?$AA?9?$AAa?$AAp?$AAp?$AAm?$AAo?$AAd?$AAe?$AAl?$AA?9?$AAr?$AAu?$AAn?$AAt?$AAi?$AAm?$AAe?$AA?9?$AAl?$AA1?$AA?9?$AA1@ 000000018000dd10     libucrt:winapi_thunks.obj
 0002:00001d58       ??_C@_1O@BCCLBEOE@?$AAu?$AAs?$AAe?$AAr?$AA3?$AA2?$AA?$AA@ 000000018000dd58     libucrt:winapi_thunks.obj
 0002:00001d98       ??_C@_0O@KKBNKAPF@LCMapStringEx?$AA@ 000000018000dd98     libucrt:winapi_thunks.obj
 0002:00001db0       ??_C@_0BB@HBDEELFH@LocaleNameToLCID?$AA@ 000000018000ddb0     libucrt:winapi_thunks.obj
 0002:00001dc8       ??_C@_0CF@OJOFEIGO@AppPolicyGetProcessTerminationMe@ 000000018000ddc8     libucrt:winapi_thunks.obj
 0002:00001df0       __newctype                 000000018000ddf0     libucrt:ctype.obj
 0002:000020f0       __newclmap                 000000018000e0f0     libucrt:ctype.obj
 0002:00002270       __newcumap                 000000018000e270     libucrt:ctype.obj
 0002:000023f0       ??_C@_15PJPFLCCM@?$AAu?$AAk?$AA?$AA@ 000000018000e3f0     libucrt:get_qualified_locale.obj
 0002:00003240       ??_C@_15EMKDOKLE@?$AAa?$AAr?$AA?$AA@ 000000018000f240     libucrt:lcidtoname_downlevel.obj
 0002:00003248       ??_C@_15KNPADPLH@?$AAb?$AAg?$AA?$AA@ 000000018000f248     libucrt:lcidtoname_downlevel.obj
 0002:00003250       ??_C@_15EDMHLDMO@?$AAc?$AAa?$AA?$AA@ 000000018000f250     libucrt:lcidtoname_downlevel.obj
 0002:00003258       ??_C@_1O@BPEAJADD@?$AAz?$AAh?$AA?9?$AAC?$AAH?$AAS?$AA?$AA@ 000000018000f258     libucrt:lcidtoname_downlevel.obj
 0002:00003268       ??_C@_15LJNHCMNK@?$AAc?$AAs?$AA?$AA@ 000000018000f268     libucrt:lcidtoname_downlevel.obj
 0002:00003270       ??_C@_15FOMCIDHG@?$AAd?$AAa?$AA?$AA@ 000000018000f270     libucrt:lcidtoname_downlevel.obj
 0002:00003278       ??_C@_15NBKABECB@?$AAd?$AAe?$AA?$AA@ 000000018000f278     libucrt:lcidtoname_downlevel.obj
 0002:00003280       ??_C@_15GHPEIIAO@?$AAe?$AAl?$AA?$AA@ 000000018000f280     libucrt:lcidtoname_downlevel.obj
 0002:00003288       ??_C@_15MNPNEAIF@?$AAe?$AAn?$AA?$AA@ 000000018000f288     libucrt:lcidtoname_downlevel.obj
 0002:00003290       ??_C@_15GPIOMPMH@?$AAe?$AAs?$AA?$AA@ 000000018000f290     libucrt:lcidtoname_downlevel.obj
 0002:00003298       ??_C@_15NGLOAKJC@?$AAf?$AAi?$AA?$AA@ 000000018000f298     libucrt:lcidtoname_downlevel.obj
 0002:000032a0       ??_C@_15FBKGNKAM@?$AAf?$AAr?$AA?$AA@ 000000018000f2a0     libucrt:lcidtoname_downlevel.obj
 0002:000032a8       ??_C@_15KGGCNEFK@?$AAh?$AAe?$AA?$AA@ 000000018000f2a8     libucrt:lcidtoname_downlevel.obj
 0002:000032b0       ??_C@_15PGHLIDMF@?$AAh?$AAu?$AA?$AA@ 000000018000f2b0     libucrt:lcidtoname_downlevel.obj
 0002:000032b8       ??_C@_15BIEMAPLM@?$AAi?$AAs?$AA?$AA@ 000000018000f2b8     libucrt:lcidtoname_downlevel.obj
 0002:000032c0       ??_C@_15IFJLDHAF@?$AAi?$AAt?$AA?$AA@ 000000018000f2c0     libucrt:lcidtoname_downlevel.obj
 0002:000032c8       ??_C@_15GEMIOCAG@?$AAj?$AAa?$AA?$AA@ 000000018000f2c8     libucrt:lcidtoname_downlevel.obj
 0002:000032d0       ??_C@_15EPELEGJA@?$AAk?$AAo?$AA?$AA@ 000000018000f2d0     libucrt:lcidtoname_downlevel.obj
 0002:000032d8       ??_C@_15NDDHIMN@?$AAn?$AAl?$AA?$AA@ 000000018000f2d8     libucrt:lcidtoname_downlevel.obj
 0002:000032e0       ??_C@_15BPIGNHCD@?$AAn?$AAo?$AA?$AA@ 000000018000f2e0     libucrt:lcidtoname_downlevel.obj
 0002:000032e8       ??_C@_15DEOPBLCG@?$AAp?$AAl?$AA?$AA@ 000000018000f2e8     libucrt:lcidtoname_downlevel.obj
 0002:000032f0       ??_C@_15KBECGEFG@?$AAp?$AAt?$AA?$AA@ 000000018000f2f0     libucrt:lcidtoname_downlevel.obj
 0002:000032f8       ??_C@_15GLJCBFMD@?$AAr?$AAo?$AA?$AA@ 000000018000f2f8     libucrt:lcidtoname_downlevel.obj
 0002:00003300       ??_C@_15FEDGKCDI@?$AAr?$AAu?$AA?$AA@ 000000018000f300     libucrt:lcidtoname_downlevel.obj
 0002:00003308       ??_C@_15GLKMLLHM@?$AAh?$AAr?$AA?$AA@ 000000018000f308     libucrt:lcidtoname_downlevel.obj
 0002:00003310       ??_C@_15CPKMFBDB@?$AAs?$AAk?$AA?$AA@ 000000018000f310     libucrt:lcidtoname_downlevel.obj
 0002:00003318       ??_C@_15BAAIOGMK@?$AAs?$AAq?$AA?$AA@ 000000018000f318     libucrt:lcidtoname_downlevel.obj
 0002:00003320       ??_C@_15INNPNOHD@?$AAs?$AAv?$AA?$AA@ 000000018000f320     libucrt:lcidtoname_downlevel.obj
 0002:00003328       ??_C@_15CABMMOGH@?$AAt?$AAh?$AA?$AA@ 000000018000f328     libucrt:lcidtoname_downlevel.obj
 0002:00003330       ??_C@_15BPLIHJJM@?$AAt?$AAr?$AA?$AA@ 000000018000f330     libucrt:lcidtoname_downlevel.obj
 0002:00003338       ??_C@_15NEOEKKDJ@?$AAu?$AAr?$AA?$AA@ 000000018000f338     libucrt:lcidtoname_downlevel.obj
 0002:00003340       ??_C@_15NFICGAJK@?$AAi?$AAd?$AA?$AA@ 000000018000f340     libucrt:lcidtoname_downlevel.obj
 0002:00003348       ??_C@_15HPJPHDM@?$AAb?$AAe?$AA?$AA@ 000000018000f348     libucrt:lcidtoname_downlevel.obj
 0002:00003350       ??_C@_15LCHLGJII@?$AAs?$AAl?$AA?$AA@ 000000018000f350     libucrt:lcidtoname_downlevel.obj
 0002:00003358       ??_C@_15PCFJPHHO@?$AAe?$AAt?$AA?$AA@ 000000018000f358     libucrt:lcidtoname_downlevel.obj
 0002:00003360       ??_C@_15HPFPGODN@?$AAl?$AAv?$AA?$AA@ 000000018000f360     libucrt:lcidtoname_downlevel.obj
 0002:00003368       ??_C@_15NFFGKGLG@?$AAl?$AAt?$AA?$AA@ 000000018000f368     libucrt:lcidtoname_downlevel.obj
 0002:00003370       ??_C@_15BDAKCCHN@?$AAf?$AAa?$AA?$AA@ 000000018000f370     libucrt:lcidtoname_downlevel.obj
 0002:00003378       ??_C@_15NFGIAIAJ@?$AAv?$AAi?$AA?$AA@ 000000018000f378     libucrt:lcidtoname_downlevel.obj
 0002:00003380       ??_C@_15LMKNDMHN@?$AAh?$AAy?$AA?$AA@ 000000018000f380     libucrt:lcidtoname_downlevel.obj
 0002:00003388       ??_C@_15IJBHMCFL@?$AAa?$AAz?$AA?$AA@ 000000018000f388     libucrt:lcidtoname_downlevel.obj
 0002:00003390       ??_C@_15EKOFJABL@?$AAe?$AAu?$AA?$AA@ 000000018000f390     libucrt:lcidtoname_downlevel.obj
 0002:00003398       ??_C@_15BGHADCNK@?$AAm?$AAk?$AA?$AA@ 000000018000f398     libucrt:lcidtoname_downlevel.obj
 0002:000033a0       ??_C@_15JDNICKHM@?$AAa?$AAf?$AA?$AA@ 000000018000f3a0     libucrt:lcidtoname_downlevel.obj
 0002:000033a8       ??_C@_15KPJEDBKD@?$AAk?$AAa?$AA?$AA@ 000000018000f3a8     libucrt:lcidtoname_downlevel.obj
 0002:000033b0       ??_C@_15PDNFFFEO@?$AAf?$AAo?$AA?$AA@ 000000018000f3b0     libucrt:lcidtoname_downlevel.obj
 0002:000033b8       ??_C@_15OMLEGLOC@?$AAh?$AAi?$AA?$AA@ 000000018000f3b8     libucrt:lcidtoname_downlevel.obj
 0002:000033c0       ??_C@_15IDNNENKK@?$AAm?$AAs?$AA?$AA@ 000000018000f3c0     libucrt:lcidtoname_downlevel.obj
 0002:000033c8       ??_C@_15MACJNBMH@?$AAk?$AAk?$AA?$AA@ 000000018000f3c8     libucrt:lcidtoname_downlevel.obj
 0002:000033d0       ??_C@_15DKDJEOND@?$AAk?$AAy?$AA?$AA@ 000000018000f3d0     libucrt:lcidtoname_downlevel.obj
 0002:000033d8       ??_C@_15DFGDLJBG@?$AAs?$AAw?$AA?$AA@ 000000018000f3d8     libucrt:lcidtoname_downlevel.obj
 0002:000033e0       ??_C@_15BBFAICNG@?$AAu?$AAz?$AA?$AA@ 000000018000f3e0     libucrt:lcidtoname_downlevel.obj
 0002:000033e8       ??_C@_15DKNDCGEA@?$AAt?$AAt?$AA?$AA@ 000000018000f3e8     libucrt:lcidtoname_downlevel.obj
 0002:000033f0       ??_C@_15MGIFMDPL@?$AAp?$AAa?$AA?$AA@ 000000018000f3f0     libucrt:lcidtoname_downlevel.obj
 0002:000033f8       ??_C@_15HCNDBBA@?$AAg?$AAu?$AA?$AA@ 000000018000f3f8     libucrt:lcidtoname_downlevel.obj
 0002:00003400       ??_C@_15FNBEIBON@?$AAt?$AAa?$AA?$AA@ 000000018000f400     libucrt:lcidtoname_downlevel.obj
 0002:00003408       ??_C@_15NCHGBGLK@?$AAt?$AAe?$AA?$AA@ 000000018000f408     libucrt:lcidtoname_downlevel.obj
 0002:00003410       ??_C@_15PHPHCBPF@?$AAk?$AAn?$AA?$AA@ 000000018000f410     libucrt:lcidtoname_downlevel.obj
 0002:00003418       ??_C@_15DLGBCKMP@?$AAm?$AAr?$AA?$AA@ 000000018000f418     libucrt:lcidtoname_downlevel.obj
 0002:00003420       ??_C@_15EABBLBFF@?$AAs?$AAa?$AA?$AA@ 000000018000f420     libucrt:lcidtoname_downlevel.obj
 0002:00003428       ??_C@_15CBKOMCOI@?$AAm?$AAn?$AA?$AA@ 000000018000f428     libucrt:lcidtoname_downlevel.obj
 0002:00003430       ??_C@_15CKDMCJAF@?$AAg?$AAl?$AA?$AA@ 000000018000f430     libucrt:lcidtoname_downlevel.obj
 0002:00003438       ??_C@_17CNJFBPG@?$AAk?$AAo?$AAk?$AA?$AA@ 000000018000f438     libucrt:lcidtoname_downlevel.obj
 0002:00003440       ??_C@_17FFBJICPL@?$AAs?$AAy?$AAr?$AA?$AA@ 000000018000f440     libucrt:lcidtoname_downlevel.obj
 0002:00003448       ??_C@_17KPNDCPAF@?$AAd?$AAi?$AAv?$AA?$AA@ 000000018000f448     libucrt:lcidtoname_downlevel.obj
 0002:00003450       ??_C@_11LOCGONAA@?$AA?$AA@ 000000018000f450     libucrt:lcidtoname_downlevel.obj
 0002:00003458       ??_C@_1M@OKAHONE@?$AAa?$AAr?$AA?9?$AAS?$AAA?$AA?$AA@ 000000018000f458     libucrt:lcidtoname_downlevel.obj
 0002:00003468       ??_C@_1M@FFFIGIGK@?$AAb?$AAg?$AA?9?$AAB?$AAG?$AA?$AA@ 000000018000f468     libucrt:lcidtoname_downlevel.obj
 0002:00003478       ??_C@_1M@BJNKEDC@?$AAc?$AAa?$AA?9?$AAE?$AAS?$AA?$AA@ 000000018000f478     libucrt:lcidtoname_downlevel.obj
 0002:00003488       ??_C@_1M@IJJHFJHA@?$AAc?$AAs?$AA?9?$AAC?$AAZ?$AA?$AA@ 000000018000f488     libucrt:lcidtoname_downlevel.obj
 0002:00003498       ??_C@_1M@CLPEOBGI@?$AAd?$AAa?$AA?9?$AAD?$AAK?$AA?$AA@ 000000018000f498     libucrt:lcidtoname_downlevel.obj
 0002:000034a8       ??_C@_1M@MCMADGCB@?$AAd?$AAe?$AA?9?$AAD?$AAE?$AA?$AA@ 000000018000f4a8     libucrt:lcidtoname_downlevel.obj
 0002:000034b8       ??_C@_1M@OOCKEMAM@?$AAe?$AAl?$AA?9?$AAG?$AAR?$AA?$AA@ 000000018000f4b8     libucrt:lcidtoname_downlevel.obj
 0002:000034c8       ??_C@_1M@DDNJFGID@?$AAf?$AAi?$AA?9?$AAF?$AAI?$AA?$AA@ 000000018000f4c8     libucrt:lcidtoname_downlevel.obj
 0002:000034d8       ??_C@_1M@GLIPPMAC@?$AAf?$AAr?$AA?9?$AAF?$AAR?$AA?$AA@ 000000018000f4d8     libucrt:lcidtoname_downlevel.obj
 0002:000034e8       ??_C@_1M@GFMCHPE@?$AAh?$AAe?$AA?9?$AAI?$AAL?$AA?$AA@ 000000018000f4e8     libucrt:lcidtoname_downlevel.obj
 0002:000034f8       ??_C@_1M@MHLPGNKM@?$AAh?$AAu?$AA?9?$AAH?$AAU?$AA?$AA@ 000000018000f4f8     libucrt:lcidtoname_downlevel.obj
 0002:00003508       ??_C@_1M@LPDDNNPN@?$AAi?$AAs?$AA?9?$AAI?$AAS?$AA?$AA@ 000000018000f508     libucrt:lcidtoname_downlevel.obj
 0002:00003518       ??_C@_1M@MADIPODN@?$AAi?$AAt?$AA?9?$AAI?$AAT?$AA?$AA@ 000000018000f518     libucrt:lcidtoname_downlevel.obj
 0002:00003528       ??_C@_1M@IHBJJGG@?$AAn?$AAl?$AA?9?$AAN?$AAL?$AA?$AA@ 000000018000f528     libucrt:lcidtoname_downlevel.obj
 0002:00003538       ??_C@_1M@EANAGDL@?$AAn?$AAb?$AA?9?$AAN?$AAO?$AA?$AA@ 000000018000f538     libucrt:lcidtoname_downlevel.obj
 0002:00003548       ??_C@_1M@NEIEMEGP@?$AAp?$AAl?$AA?9?$AAP?$AAL?$AA?$AA@ 000000018000f548     libucrt:lcidtoname_downlevel.obj
 0002:00003558       ??_C@_1M@BOCFIGEP@?$AAp?$AAt?$AA?9?$AAB?$AAR?$AA?$AA@ 000000018000f558     libucrt:lcidtoname_downlevel.obj
 0002:00003568       ??_C@_1M@IMPFOPBG@?$AAr?$AAo?$AA?9?$AAR?$AAO?$AA?$AA@ 000000018000f568     libucrt:lcidtoname_downlevel.obj
 0002:00003578       ??_C@_1M@IDNNEJMM@?$AAr?$AAu?$AA?9?$AAR?$AAU?$AA?$AA@ 000000018000f578     libucrt:lcidtoname_downlevel.obj
 0002:00003588       ??_C@_1M@LILEEOGM@?$AAh?$AAr?$AA?9?$AAH?$AAR?$AA?$AA@ 000000018000f588     libucrt:lcidtoname_downlevel.obj
 0002:00003598       ??_C@_1M@FKIFEHPB@?$AAs?$AAk?$AA?9?$AAS?$AAK?$AA?$AA@ 000000018000f598     libucrt:lcidtoname_downlevel.obj
 0002:000035a8       ??_C@_1M@LJMAMNPJ@?$AAs?$AAq?$AA?9?$AAA?$AAL?$AA?$AA@ 000000018000f5a8     libucrt:lcidtoname_downlevel.obj
 0002:000035b8       ??_C@_1M@GIAKDKJK@?$AAs?$AAv?$AA?9?$AAS?$AAE?$AA?$AA@ 000000018000f5b8     libucrt:lcidtoname_downlevel.obj
 0002:000035c8       ??_C@_1M@MKJKIKCL@?$AAt?$AAh?$AA?9?$AAT?$AAH?$AA?$AA@ 000000018000f5c8     libucrt:lcidtoname_downlevel.obj
 0002:000035d8       ??_C@_1M@MFLCCMPB@?$AAt?$AAr?$AA?9?$AAT?$AAR?$AA?$AA@ 000000018000f5d8     libucrt:lcidtoname_downlevel.obj
 0002:000035e8       ??_C@_1M@OIJHDKJN@?$AAu?$AAr?$AA?9?$AAP?$AAK?$AA?$AA@ 000000018000f5e8     libucrt:lcidtoname_downlevel.obj
 0002:000035f8       ??_C@_1M@LHIPCIEK@?$AAi?$AAd?$AA?9?$AAI?$AAD?$AA?$AA@ 000000018000f5f8     libucrt:lcidtoname_downlevel.obj
 0002:00003608       ??_C@_1M@MFMOBGI@?$AAu?$AAk?$AA?9?$AAU?$AAA?$AA?$AA@ 000000018000f608     libucrt:lcidtoname_downlevel.obj
 0002:00003618       ??_C@_1M@OBGLJIPL@?$AAb?$AAe?$AA?9?$AAB?$AAY?$AA?$AA@ 000000018000f618     libucrt:lcidtoname_downlevel.obj
 0002:00003628       ??_C@_1M@BCFAJEAD@?$AAs?$AAl?$AA?9?$AAS?$AAI?$AA?$AA@ 000000018000f628     libucrt:lcidtoname_downlevel.obj
 0002:00003638       ??_C@_1M@FKFFEDDN@?$AAe?$AAt?$AA?9?$AAE?$AAE?$AA?$AA@ 000000018000f638     libucrt:lcidtoname_downlevel.obj
 0002:00003648       ??_C@_1M@KGKKAACI@?$AAl?$AAv?$AA?9?$AAL?$AAV?$AA?$AA@ 000000018000f648     libucrt:lcidtoname_downlevel.obj
 0002:00003658       ??_C@_1M@IFGBIJO@?$AAl?$AAt?$AA?9?$AAL?$AAT?$AA?$AA@ 000000018000f658     libucrt:lcidtoname_downlevel.obj
 0002:00003668       ??_C@_1M@FGEAHEDM@?$AAf?$AAa?$AA?9?$AAI?$AAR?$AA?$AA@ 000000018000f668     libucrt:lcidtoname_downlevel.obj
 0002:00003678       ??_C@_1M@KBMAIBFN@?$AAv?$AAi?$AA?9?$AAV?$AAN?$AA?$AA@ 000000018000f678     libucrt:lcidtoname_downlevel.obj
 0002:00003688       ??_C@_1M@GPCBKDJK@?$AAh?$AAy?$AA?9?$AAA?$AAM?$AA?$AA@ 000000018000f688     libucrt:lcidtoname_downlevel.obj
 0002:00003698       ??_C@_1BG@BECMDDJB@?$AAa?$AAz?$AA?9?$AAA?$AAZ?$AA?9?$AAL?$AAa?$AAt?$AAn?$AA?$AA@ 000000018000f698     libucrt:lcidtoname_downlevel.obj
 0002:000036b0       ??_C@_1M@MAOFCAEA@?$AAe?$AAu?$AA?9?$AAE?$AAS?$AA?$AA@ 000000018000f6b0     libucrt:lcidtoname_downlevel.obj
 0002:000036c0       ??_C@_1M@IGHABKPI@?$AAm?$AAk?$AA?9?$AAM?$AAK?$AA?$AA@ 000000018000f6c0     libucrt:lcidtoname_downlevel.obj
 0002:000036d0       ??_C@_1M@IAIGNEJG@?$AAt?$AAn?$AA?9?$AAZ?$AAA?$AA?$AA@ 000000018000f6d0     libucrt:lcidtoname_downlevel.obj
 0002:000036e0       ??_C@_1M@IIJCOJFA@?$AAx?$AAh?$AA?9?$AAZ?$AAA?$AA?$AA@ 000000018000f6e0     libucrt:lcidtoname_downlevel.obj
 0002:000036f0       ??_C@_1M@LGPJHNJH@?$AAz?$AAu?$AA?9?$AAZ?$AAA?$AA?$AA@ 000000018000f6f0     libucrt:lcidtoname_downlevel.obj
 0002:00003700       ??_C@_1M@HOKAOIO@?$AAa?$AAf?$AA?9?$AAZ?$AAA?$AA?$AA@ 000000018000f700     libucrt:lcidtoname_downlevel.obj
 0002:00003710       ??_C@_1M@DPCLHLIE@?$AAk?$AAa?$AA?9?$AAG?$AAE?$AA?$AA@ 000000018000f710     libucrt:lcidtoname_downlevel.obj
 0002:00003720       ??_C@_1M@BLKMHJBI@?$AAf?$AAo?$AA?9?$AAF?$AAO?$AA?$AA@ 000000018000f720     libucrt:lcidtoname_downlevel.obj
 0002:00003730       ??_C@_1M@LGGJAPPB@?$AAh?$AAi?$AA?9?$AAI?$AAN?$AA?$AA@ 000000018000f730     libucrt:lcidtoname_downlevel.obj
 0002:00003740       ??_C@_1M@FIKPIHFE@?$AAm?$AAt?$AA?9?$AAM?$AAT?$AA?$AA@ 000000018000f740     libucrt:lcidtoname_downlevel.obj
 0002:00003750       ??_C@_1M@HEGGPBFA@?$AAs?$AAe?$AA?9?$AAN?$AAO?$AA?$AA@ 000000018000f750     libucrt:lcidtoname_downlevel.obj
 0002:00003760       ??_C@_1M@EIBJEEPA@?$AAm?$AAs?$AA?9?$AAM?$AAY?$AA?$AA@ 000000018000f760     libucrt:lcidtoname_downlevel.obj
 0002:00003770       ??_C@_1M@FHLBGMPP@?$AAk?$AAk?$AA?9?$AAK?$AAZ?$AA?$AA@ 000000018000f770     libucrt:lcidtoname_downlevel.obj
 0002:00003780       ??_C@_1M@NGJJLCGI@?$AAk?$AAy?$AA?9?$AAK?$AAG?$AA?$AA@ 000000018000f780     libucrt:lcidtoname_downlevel.obj
 0002:00003790       ??_C@_1M@GIENNBFC@?$AAs?$AAw?$AA?9?$AAK?$AAE?$AA?$AA@ 000000018000f790     libucrt:lcidtoname_downlevel.obj
 0002:000037a0       ??_C@_1BG@NDGMJIMJ@?$AAu?$AAz?$AA?9?$AAU?$AAZ?$AA?9?$AAL?$AAa?$AAt?$AAn?$AA?$AA@ 000000018000f7a0     libucrt:lcidtoname_downlevel.obj
 0002:000037b8       ??_C@_1M@IDCCIHBC@?$AAt?$AAt?$AA?9?$AAR?$AAU?$AA?$AA@ 000000018000f7b8     libucrt:lcidtoname_downlevel.obj
 0002:000037c8       ??_C@_1M@LOICPMOJ@?$AAb?$AAn?$AA?9?$AAI?$AAN?$AA?$AA@ 000000018000f7c8     libucrt:lcidtoname_downlevel.obj
 0002:000037d8       ??_C@_1M@KPKKNEAH@?$AAp?$AAa?$AA?9?$AAI?$AAN?$AA?$AA@ 000000018000f7d8     libucrt:lcidtoname_downlevel.obj
 0002:000037e8       ??_C@_1M@PJGPPBOG@?$AAg?$AAu?$AA?9?$AAI?$AAN?$AA?$AA@ 000000018000f7e8     libucrt:lcidtoname_downlevel.obj
 0002:000037f8       ??_C@_1M@KMKMOPHI@?$AAt?$AAa?$AA?9?$AAI?$AAN?$AA?$AA@ 000000018000f7f8     libucrt:lcidtoname_downlevel.obj
 0002:00003808       ??_C@_1M@KFEHEPAC@?$AAt?$AAe?$AA?9?$AAI?$AAN?$AA?$AA@ 000000018000f808     libucrt:lcidtoname_downlevel.obj
 0002:00003818       ??_C@_1M@CDCLMGHI@?$AAk?$AAn?$AA?9?$AAI?$AAN?$AA?$AA@ 000000018000f818     libucrt:lcidtoname_downlevel.obj
 0002:00003828       ??_C@_1M@MIODLDKF@?$AAm?$AAl?$AA?9?$AAI?$AAN?$AA?$AA@ 000000018000f828     libucrt:lcidtoname_downlevel.obj
 0002:00003838       ??_C@_1M@PBIEACPO@?$AAm?$AAr?$AA?9?$AAI?$AAN?$AA?$AA@ 000000018000f838     libucrt:lcidtoname_downlevel.obj
 0002:00003848       ??_C@_1M@NIDEAGPH@?$AAs?$AAa?$AA?9?$AAI?$AAN?$AA?$AA@ 000000018000f848     libucrt:lcidtoname_downlevel.obj
 0002:00003858       ??_C@_1M@FHIHCBIO@?$AAm?$AAn?$AA?9?$AAM?$AAN?$AA?$AA@ 000000018000f858     libucrt:lcidtoname_downlevel.obj
 0002:00003868       ??_C@_1M@JAIJPENP@?$AAc?$AAy?$AA?9?$AAG?$AAB?$AA?$AA@ 000000018000f868     libucrt:lcidtoname_downlevel.obj
 0002:00003878       ??_C@_1M@PHGFBEPN@?$AAg?$AAl?$AA?9?$AAE?$AAS?$AA?$AA@ 000000018000f878     libucrt:lcidtoname_downlevel.obj
 0002:00003888       ??_C@_1O@KPIPDNCP@?$AAk?$AAo?$AAk?$AA?9?$AAI?$AAN?$AA?$AA@ 000000018000f888     libucrt:lcidtoname_downlevel.obj
 0002:00003898       ??_C@_1O@KNHJLDJA@?$AAs?$AAy?$AAr?$AA?9?$AAS?$AAY?$AA?$AA@ 000000018000f898     libucrt:lcidtoname_downlevel.obj
 0002:000038a8       ??_C@_1O@MKEKBLAH@?$AAd?$AAi?$AAv?$AA?9?$AAM?$AAV?$AA?$AA@ 000000018000f8a8     libucrt:lcidtoname_downlevel.obj
 0002:000038b8       ??_C@_1O@OHDCKDDF@?$AAq?$AAu?$AAz?$AA?9?$AAB?$AAO?$AA?$AA@ 000000018000f8b8     libucrt:lcidtoname_downlevel.obj
 0002:000038c8       ??_C@_1M@LEPJNLFD@?$AAn?$AAs?$AA?9?$AAZ?$AAA?$AA?$AA@ 000000018000f8c8     libucrt:lcidtoname_downlevel.obj
[...]
 0004:00000684       $pdata$?update_thread_multibyte_data_internal@@YAPEAU__crt_multibyte_data@@QEAU__acrt_ptd@@QEAU1@@Z 0000000180017684     libucrt:mbctype.obj
 0004:00000690       $pdata$__acrt_initialize_multibyte 0000000180017690     libucrt:mbctype.obj
 0004:0000069c       $pdata$__acrt_update_thread_multibyte_data 000000018001769c     libucrt:mbctype.obj
 0004:000006a8       $pdata$_setmbcp_nolock     00000001800176a8     libucrt:mbctype.obj
 0004:000006b4       $pdata$?x_ismbbtype_l@@YAHPEAU__crt_locale_pointers@@IHH@Z 00000001800176b4     libucrt:ismbbyte.obj
 0004:000006c0       $pdata$__acrt_initialize_command_line 00000001800176c0     libucrt:argv_data.obj
 0004:000006cc       $pdata$__dcrt_get_narrow_environment_from_os 00000001800176cc     libucrt:get_environment_from_os.obj
 0004:000006d8       $pdata$_recalloc_base      00000001800176d8     libucrt:recalloc.obj
 0004:000006e4       $pdata$?try_get_function@@YAPEAXW4function_id@?A0x391cf84c@@QEBDQEBW4module_id@2@2@Z 00000001800176e4     libucrt:winapi_thunks.obj
 0004:000006f0       $pdata$__acrt_AppPolicyGetProcessTerminationMethodInternal 00000001800176f0     libucrt:winapi_thunks.obj
 0004:000006fc       $pdata$__acrt_FlsAlloc     00000001800176fc     libucrt:winapi_thunks.obj
 0004:00000708       $pdata$__acrt_FlsFree      0000000180017708     libucrt:winapi_thunks.obj
 0004:00000714       $pdata$__acrt_FlsGetValue  0000000180017714     libucrt:winapi_thunks.obj
 0004:00000720       $pdata$__acrt_FlsSetValue  0000000180017720     libucrt:winapi_thunks.obj
 0004:0000072c       $pdata$__acrt_InitializeCriticalSectionEx 000000018001772c     libucrt:winapi_thunks.obj
 0004:00000738       $pdata$__acrt_LCMapStringEx 0000000180017738     libucrt:winapi_thunks.obj
 0004:00000744       $pdata$__acrt_LocaleNameToLCID 0000000180017744     libucrt:winapi_thunks.obj
 0004:00000750       $pdata$__acrt_initialize_winapi_thunks 0000000180017750     libucrt:winapi_thunks.obj
 0004:0000075c       $pdata$__acrt_uninitialize_winapi_thunks 000000018001775c     libucrt:winapi_thunks.obj
 0004:00000768       $pdata$__acrt_initialize_heap 0000000180017768     libucrt:heap_handle.obj
 0004:00000774       $pdata$?initialize_inherited_file_handles_nolock@@YAXXZ 0000000180017774     libucrt:ioinit.obj
 0004:00000780       $pdata$?initialize_stdio_handles_nolock@@YAXXZ 0000000180017780     libucrt:ioinit.obj
 0004:0000078c       $pdata$__acrt_initialize_lowio 000000018001778c     libucrt:ioinit.obj
 0004:00000798       $pdata$__acrt_uninitialize_lowio 0000000180017798     libucrt:ioinit.obj
 0004:000007a4       $pdata$__acrt_execute_initializers 00000001800177a4     libucrt:shared_initialization.obj
 0004:000007b0       $pdata$__acrt_execute_uninitializers 00000001800177b0     libucrt:shared_initialization.obj
 0004:000007bc       $pdata$_callnewh           00000001800177bc     libucrt:new_handler.obj
 0004:000007c8       $pdata$_query_new_handler  00000001800177c8     libucrt:new_handler.obj
 0004:000007d4       $pdata$??$?RV<lambda_450d765d439847d4c735a33c368b5fc0>@@AEAV<lambda_44731a7d0e6d81c3e6aa82d741081786>@@V<lambda_601a2a7da3b7a96e9554ac7215c4b07c>@@@?$__crt_seh_guarded_call@P6AXH@Z@@QEAAP6AXH@Z$$QEAV<lambda_450d765d439847d4c735a33c368b5fc0>@@AEAV<lambda_44731a7d0e6d81c3e6aa82d741081786>@@$$QEAV<lambda_601a2a7da3b7a96e9554ac7215c4b07c>@@@Z 00000001800177d4     libucrt:signal.obj
 0004:000007e0       $pdata$__acrt_get_sigabrt_handler 00000001800177e0     libucrt:signal.obj
 0004:000007ec       $pdata$raise               00000001800177ec     libucrt:signal.obj
 0004:000007f8       $pdata$_mbtowc_l           00000001800177f8     libucrt:mbtowc.obj
 0004:00000804       $pdata$_fileno             0000000180017804     libucrt:fileno.obj
 0004:00000810       $pdata$__acrt_initialize_stdio 0000000180017810     libucrt:_file.obj
 0004:0000081c       $pdata$__acrt_uninitialize_stdio 000000018001781c     libucrt:_file.obj
 0004:00000828       $pdata$__pctype_func       0000000180017828     libucrt:ctype.obj
 0004:00000834       $pdata$_isleadbyte_l       0000000180017834     libucrt:_wctype.obj
 0004:00000840       $pdata$?__acrt_LCMapStringA_stat@@YAHPEAU__crt_locale_pointers@@PEB_WKPEBDHPEADHHH@Z 0000000180017840     libucrt:lcmapstringa.obj
 0004:0000084c       $pdata$__acrt_LCMapStringA 000000018001784c     libucrt:lcmapstringa.obj
 0004:00000858       $pdata$__acrt_free_locale  0000000180017858     libucrt:locale_refcounting.obj
 0004:00000864       $pdata$__acrt_locale_free_lc_time_if_unreferenced 0000000180017864     libucrt:locale_refcounting.obj
 0004:00000870       $pdata$__acrt_release_locale_ref 0000000180017870     libucrt:locale_refcounting.obj
 0004:0000087c       $pdata$__acrt_update_thread_locale_data 000000018001787c     libucrt:locale_refcounting.obj
 0004:00000888       $pdata$_updatetlocinfoEx_nolock 0000000180017888     libucrt:locale_refcounting.obj
 0004:00000894       $pdata$__acrt_locale_free_monetary 0000000180017894     libucrt:initmon.obj
 0004:000008a0       $pdata$__acrt_locale_free_numeric 00000001800178a0     libucrt:initnum.obj
 0004:000008ac       $pdata$?free_crt_array_internal@@YAXQEAPEBX_K@Z 00000001800178ac     libucrt:inittime.obj
 0004:000008b8       $pdata$__acrt_locale_free_time 00000001800178b8     libucrt:inittime.obj
 0004:000008c4       $pdata$__acrt_GetStringTypeA 00000001800178c4     libucrt:getstringtypea.obj
 0004:000008d0       $pdata$?shortsort@@YAXPEAD0_KP6AHPEBX2@Z@Z 00000001800178d0     libucrt:qsort.obj
 0004:000008dc       $pdata$2$?shortsort@@YAXPEAD0_KP6AHPEBX2@Z@Z 00000001800178dc     libucrt:qsort.obj
 0004:000008e8       $pdata$3$?shortsort@@YAXPEAD0_KP6AHPEBX2@Z@Z 00000001800178e8     libucrt:qsort.obj
 0004:000008f4       $pdata$qsort               00000001800178f4     libucrt:qsort.obj
 0004:00000900       $pdata$4$qsort             0000000180017900     libucrt:qsort.obj
 0004:0000090c       $pdata$5$qsort             000000018001790c     libucrt:qsort.obj
 0004:00000918       $pdata$strncpy_s           0000000180017918     libucrt:strncpy_s.obj
 0004:00000924       $pdata$strpbrk             0000000180017924     libucrt:strpbrk.obj
 0004:00000930       $pdata$_mbsdec_l           0000000180017930     libucrt:mbsdec.obj
 0004:0000093c       $pdata$?initialize_multibyte@@YAHXZ 000000018001793c     libucrt:multibyte_initializer.obj
 0004:00000948       $pdata$_msize_base         0000000180017948     libucrt:msize.obj
 0004:00000954       $pdata$_realloc_base       0000000180017954     libucrt:realloc_base.obj
 0004:00000960       $pdata$?GetTableIndexFromLocaleName@@YAHPEB_W@Z 0000000180017960     libucrt:lcidtoname_downlevel.obj
 0004:0000096c       $pdata$__acrt_DownlevelLocaleNameToLCID 000000018001796c     libucrt:lcidtoname_downlevel.obj
 0004:00000978       $pdata$__acrt_lowio_create_handle_array 0000000180017978     libucrt:osfinfo.obj
 0004:00000984       $pdata$__acrt_lowio_destroy_handle_array 0000000180017984     libucrt:osfinfo.obj
 0004:00000990       $pdata$__acrt_lowio_ensure_fh_exists 0000000180017990     libucrt:osfinfo.obj
 0004:0000099c       $pdata$_free_osfhnd        000000018001799c     libucrt:osfinfo.obj
 0004:000009a8       $pdata$_get_osfhandle      00000001800179a8     libucrt:osfinfo.obj
 0004:000009b4       $pdata$_isatty             00000001800179b4     libucrt:isatty.obj
 0004:000009c0       $pdata$??$?RV<lambda_842d9ff0dc9ef11c61343bbaebe7f885>@@AEAV<lambda_c5860995281e5c4ce005b3de8f5874ee>@@V<lambda_d90129c13df834fdcbf8d2b88dafcf2d>@@@?$__crt_seh_guarded_call@X@@QEAAX$$QEAV<lambda_842d9ff0dc9ef11c61343bbaebe7f885>@@AEAV<lambda_c5860995281e5c4ce005b3de8f5874ee>@@$$QEAV<lambda_d90129c13df834fdcbf8d2b88dafcf2d>@@@Z 00000001800179c0     libucrt:fflush.obj
 0004:000009cc       $pdata$??$?RV<lambda_886d6c58226a84441f68b9f2b8217b83>@@AEAV<lambda_ab61a845afdef5b7c387490eaf3616ee>@@V<lambda_f7f22ab5edc0698d5f6905b0d3f44752>@@@?$__crt_seh_guarded_call@X@@QEAAX$$QEAV<lambda_886d6c58226a84441f68b9f2b8217b83>@@AEAV<lambda_ab61a845afdef5b7c387490eaf3616ee>@@$$QEAV<lambda_f7f22ab5edc0698d5f6905b0d3f44752>@@@Z 00000001800179cc     libucrt:fflush.obj
 0004:000009d8       $pdata$?common_flush_all@@YAH_N@Z 00000001800179d8     libucrt:fflush.obj
 0004:000009e4       $pdata$__acrt_stdio_flush_nolock 00000001800179e4     libucrt:fflush.obj
 0004:000009f0       $pdata$_fflush_nolock      00000001800179f0     libucrt:fflush.obj
 0004:000009fc       $pdata$_fcloseall          00000001800179fc     libucrt:closeall.obj
 0004:00000a08       $pdata$__acrt_stdio_free_buffer_nolock 0000000180017a08     libucrt:_freebuf.obj
 0004:00000a14       $pdata$??$?RV<lambda_a37b2b86f63e897a80ea819b0eb08c01>@@AEAV<lambda_38ce7e780aa69e748d6df282ebc68efe>@@V<lambda_99fb1378e971ab6e7edea83e3a7a83a2>@@@?$__crt_seh_guarded_call@H@@QEAAH$$QEAV<lambda_a37b2b86f63e897a80ea819b0eb08c01>@@AEAV<lambda_38ce7e780aa69e748d6df282ebc68efe>@@$$QEAV<lambda_99fb1378e971ab6e7edea83e3a7a83a2>@@@Z 0000000180017a14     libucrt:commit.obj
 0004:00000a20       $pdata$_commit             0000000180017a20     libucrt:commit.obj
 0004:00000a2c       $pdata$?write_double_translated_ansi_nolock@@YA?AUwrite_result@?A0x17268360@@HQEBDI@Z 0000000180017a2c     libucrt:write.obj
 0004:00000a38       $pdata$?write_requires_double_translation_nolock@@YA_NH@Z 0000000180017a38     libucrt:write.obj
 0004:00000a44       $pdata$?write_text_ansi_nolock@@YA?AUwrite_result@?A0x17268360@@HQEBDI@Z 0000000180017a44     libucrt:write.obj
 0004:00000a50       $pdata$?write_text_utf16le_nolock@@YA?AUwrite_result@?A0x17268360@@HQEBDI@Z 0000000180017a50     libucrt:write.obj
 0004:00000a5c       $pdata$?write_text_utf8_nolock@@YA?AUwrite_result@?A0x17268360@@HQEBDI@Z 0000000180017a5c     libucrt:write.obj
 0004:00000a68       $pdata$_write              0000000180017a68     libucrt:write.obj
 0004:00000a74       $pdata$_write_nolock       0000000180017a74     libucrt:write.obj
 0004:00000a8c       $pdata$??$common_lseek_nolock@_J@@YA_JH_JH@Z 0000000180017a8c     libucrt:lseek.obj
 0004:00000a98       $pdata$_fclose_nolock      0000000180017a98     libucrt:fclose.obj
 0004:00000aa4       $pdata$fclose              0000000180017aa4     libucrt:fclose.obj
 0004:00000ab0       $pdata$_putwch_nolock      0000000180017ab0     libucrt:putwch.obj
 0004:00000abc       $pdata$_call_matherr       0000000180017abc     libucrt:libm_error.obj
 0004:00000ac8       $pdata$_exception_enabled  0000000180017ac8     libucrt:libm_error.obj
 0004:00000ad4       $pdata$_handle_error       0000000180017ad4     libucrt:libm_error.obj
 0004:00000ae0       $pdata$__acrt_initialize_fma3 0000000180017ae0     libucrt:fma3_available.obj
 0004:00000aec       $pdata$_log10_special      0000000180017aec     libucrt:log_special.obj
 0004:00000af8       $pdata$_log_special_common 0000000180017af8     libucrt:log_special.obj
 0004:00000b04       $pdata$??$?RV<lambda_751a882b2c74d4b022dec766aa51a29a>@@AEAV<lambda_628dfdc04ba53c8bfc02c9951375f3f5>@@V<lambda_f6c7be5f7998530c34de24c7437d6b54>@@@?$__crt_seh_guarded_call@H@@QEAAH$$QEAV<lambda_751a882b2c74d4b022dec766aa51a29a>@@AEAV<lambda_628dfdc04ba53c8bfc02c9951375f3f5>@@$$QEAV<lambda_f6c7be5f7998530c34de24c7437d6b54>@@@Z 0000000180017b04     libucrt:close.obj
 0004:00000b10       $pdata$_close              0000000180017b10     libucrt:close.obj
 0004:00000b1c       $pdata$_close_nolock       0000000180017b1c     libucrt:close.obj
 0004:00000b28       $pdata$__dcrt_lowio_ensure_console_output_initialized 0000000180017b28     libucrt:initcon.obj
 0004:00000b34       $pdata$__dcrt_terminate_console_output 0000000180017b34     libucrt:initcon.obj
 0004:00000b40       $pdata$__dcrt_write_console_w 0000000180017b40     libucrt:initcon.obj
 0004:00000b58       $pdata$_raise_exc          0000000180017b58     libucrt:fpexcept.obj
 0004:00000b64       $pdata$_raise_exc_ex       0000000180017b64     libucrt:fpexcept.obj
 0004:00000b70       $pdata$_set_errno_from_matherr 0000000180017b70     libucrt:fpexcept.obj
 0004:00000b7c       $pdata$_clrfp              0000000180017b7c     libucrt:fpctrl.obj
 0004:00000b88       $pdata$_ctrlfp             0000000180017b88     libucrt:fpctrl.obj
 0004:00000b94       $pdata$_set_statfp         0000000180017b94     libucrt:fpctrl.obj
 0004:00000ba0       $pdata$_statfp             0000000180017ba0     libucrt:fpctrl.obj
 0004:00000bac       $pdata$_IsNonwritableInCurrentImage 0000000180017bac     LIBCMT:pesect.obj
 0004:00000bb8       $pdata$__GSHandlerCheck    0000000180017bb8     LIBCMT:_gshandler_.obj
 0004:00000bc4       $pdata$__GSHandlerCheckCommon 0000000180017bc4     LIBCMT:_gshandler_.obj
 0004:00000c00       $pdata$?fin$0@?0??dllmain_crt_process_attach@@YAHQEAUHINSTANCE__@@QEAX@Z@4HA 0000000180017c00     LIBCMT:dll_dllmain.obj
 0004:00000c0c       $pdata$?fin$0@?0??dllmain_crt_process_detach@@YAH_N@Z@4HA 0000000180017c0c     LIBCMT:dll_dllmain.obj
 0004:00000c18       $pdata$?filt$0@?0??dllmain_dispatch@@YAHQEAUHINSTANCE__@@KQEAX@Z@4HA 0000000180017c18     LIBCMT:dll_dllmain.obj
 0004:00000c24       $pdata$__scrt_is_nonwritable_in_current_image$filt$0 0000000180017c24     LIBCMT:utility.obj
 0004:00000c30       $pdata$?filt$0@?0???R<lambda_6e4b09c48022b2350581041d5f6b0c4c>@@QEBA@XZ@4HA 0000000180017c30     libucrt:exit.obj
 0004:00000c3c       $pdata$?fin$0@?0???$?RV<lambda_efdfa57d1f175319df784efa44bb7b81>@@AEAV<lambda_5f0a4c1567f8adc6734073e5d1e1b35c>@@V<lambda_2e8a7d3640ea6ccb4c2413664c2db6fd>@@@?$__crt_seh_guarded_call@X@@QEAAX$$QEAV<lambda_efdfa57d1f175319df784efa44bb7b81>@@AEAV<lambda_5f0a4c1567f8adc6734073e5d1e1b35c>@@$$QEAV<lambda_2e8a7d3640ea6ccb4c2413664c2db6fd>@@@Z@4HA 0000000180017c3c     libucrt:mbctype.obj
 0004:00000c3c       $pdata$?fin$0@?0???$?RV<lambda_2d41944a1d46af3157314b8a01080d33>@@AEAV<lambda_8f455de75cd7d7f24b4096f044d8b9e6>@@V<lambda_aa500f224e6afead328df44964fe2772>@@@?$__crt_seh_guarded_call@X@@QEAAX$$QEAV<lambda_2d41944a1d46af3157314b8a01080d33>@@AEAV<lambda_8f455de75cd7d7f24b4096f044d8b9e6>@@$$QEAV<lambda_aa500f224e6afead328df44964fe2772>@@@Z@4HA 0000000180017c3c     libucrt:per_thread_data.obj
 0004:00000c3c       $pdata$?fin$0@?0???$?RV<lambda_7777bce6b2f8c936911f934f8298dc43>@@AEAV<lambda_f03950bc5685219e0bcd2087efbe011e>@@V<lambda_3883c3dff614d5e0c5f61bb1ac94921c>@@@?$__crt_seh_guarded_call@H@@QEAAH$$QEAV<lambda_7777bce6b2f8c936911f934f8298dc43>@@AEAV<lambda_f03950bc5685219e0bcd2087efbe011e>@@$$QEAV<lambda_3883c3dff614d5e0c5f61bb1ac94921c>@@@Z@4HA 0000000180017c3c     libucrt:onexit.obj
 0004:00000c3c       $pdata$?fin$0@?0???$?RV<lambda_aa87e3671a710a21b5dc78c0bdf72e11>@@AEAV<lambda_92619d2358a28f41a33ba319515a20b9>@@V<lambda_6992ecaafeb10aed2b74cb1fae11a551>@@@?$__crt_seh_guarded_call@X@@QEAAX$$QEAV<lambda_aa87e3671a710a21b5dc78c0bdf72e11>@@AEAV<lambda_92619d2358a28f41a33ba319515a20b9>@@$$QEAV<lambda_6992ecaafeb10aed2b74cb1fae11a551>@@@Z@4HA 0000000180017c3c     libucrt:per_thread_data.obj
 0004:00000c3c       $pdata$?fin$0@?0???$?RV<lambda_0ae27a3a962d80f24befdcbee591983d>@@AEAV<lambda_8d0ee55de4b1038c4002e0adecdf1839>@@V<lambda_dc504788e8f1664fe9b84e20bfb512f2>@@@?$__crt_seh_guarded_call@X@@QEAAX$$QEAV<lambda_0ae27a3a962d80f24befdcbee591983d>@@AEAV<lambda_8d0ee55de4b1038c4002e0adecdf1839>@@$$QEAV<lambda_dc504788e8f1664fe9b84e20bfb512f2>@@@Z@4HA 0000000180017c3c     libucrt:per_thread_data.obj
 0004:00000c3c       $pdata$?fin$0@?0???$?RV<lambda_d80eeec6fff315bfe5c115232f3240e3>@@AEAV<lambda_6e4b09c48022b2350581041d5f6b0c4c>@@V<lambda_2358e3775559c9db80273638284d5e45>@@@?$__crt_seh_guarded_call@X@@QEAAX$$QEAV<lambda_d80eeec6fff315bfe5c115232f3240e3>@@AEAV<lambda_6e4b09c48022b2350581041d5f6b0c4c>@@$$QEAV<lambda_2358e3775559c9db80273638284d5e45>@@@Z@4HA 0000000180017c3c     libucrt:exit.obj
 0004:00000c3c       $pdata$?fin$0@?0???$?RV<lambda_f2e299630e499de9f9a165e60fcd3db5>@@AEAV<lambda_2ae9d31cdba2644fcbeaf08da7c24588>@@V<lambda_40d01ff24d0e7b3814fdbdcee8eab3c7>@@@?$__crt_seh_guarded_call@X@@QEAAX$$QEAV<lambda_f2e299630e499de9f9a165e60fcd3db5>@@AEAV<lambda_2ae9d31cdba2644fcbeaf08da7c24588>@@$$QEAV<lambda_40d01ff24d0e7b3814fdbdcee8eab3c7>@@@Z@4HA 0000000180017c3c     libucrt:per_thread_data.obj
 0004:00000c3c       $pdata$?fin$0@?0???$?RV<lambda_450d765d439847d4c735a33c368b5fc0>@@AEAV<lambda_44731a7d0e6d81c3e6aa82d741081786>@@V<lambda_601a2a7da3b7a96e9554ac7215c4b07c>@@@?$__crt_seh_guarded_call@P6AXH@Z@@QEAAP6AXH@Z$$QEAV<lambda_450d765d439847d4c735a33c368b5fc0>@@AEAV<lambda_44731a7d0e6d81c3e6aa82d741081786>@@$$QEAV<lambda_601a2a7da3b7a96e9554ac7215c4b07c>@@@Z@4HA 0000000180017c3c     libucrt:signal.obj
 0004:00000c48       $pdata$?fin$0@?0???$?RV<lambda_410d79af7f07d98d83a3f525b3859a53>@@AEAV<lambda_3e16ef9562a7dcce91392c22ab16ea36>@@V<lambda_38119f0e861e05405d8a144b9b982f0a>@@@?$__crt_seh_guarded_call@X@@QEAAX$$QEAV<lambda_410d79af7f07d98d83a3f525b3859a53>@@AEAV<lambda_3e16ef9562a7dcce91392c22ab16ea36>@@$$QEAV<lambda_38119f0e861e05405d8a144b9b982f0a>@@@Z@4HA 0000000180017c48     libucrt:wsetlocale.obj
 0004:00000c54       $pdata$?fin$0@?0??update_thread_multibyte_data_internal@@YAPEAU__crt_multibyte_data@@QEAU__acrt_ptd@@QEAU1@@Z@4HA 0000000180017c54     libucrt:mbctype.obj
 0004:00000c60       $pdata$__acrt_initialize_lowio$fin$0 0000000180017c60     libucrt:ioinit.obj
 0004:00000c60       $pdata$__acrt_lowio_ensure_fh_exists$fin$0 0000000180017c60     libucrt:osfinfo.obj
 0004:00000c6c       $pdata$_query_new_handler$fin$0 0000000180017c6c     libucrt:new_handler.obj
 0004:00000c78       $pdata$raise$fin$0         0000000180017c78     libucrt:signal.obj
 0004:00000c84       $pdata$__acrt_update_thread_locale_data$fin$0 0000000180017c84     libucrt:locale_refcounting.obj
 0004:00000c90       $pdata$?fin$0@?0???$?RV<lambda_842d9ff0dc9ef11c61343bbaebe7f885>@@AEAV<lambda_c5860995281e5c4ce005b3de8f5874ee>@@V<lambda_d90129c13df834fdcbf8d2b88dafcf2d>@@@?$__crt_seh_guarded_call@X@@QEAAX$$QEAV<lambda_842d9ff0dc9ef11c61343bbaebe7f885>@@AEAV<lambda_c5860995281e5c4ce005b3de8f5874ee>@@$$QEAV<lambda_d90129c13df834fdcbf8d2b88dafcf2d>@@@Z@4HA 0000000180017c90     libucrt:fflush.obj
 0004:00000c9c       $pdata$?fin$0@?0???$?RV<lambda_886d6c58226a84441f68b9f2b8217b83>@@AEAV<lambda_ab61a845afdef5b7c387490eaf3616ee>@@V<lambda_f7f22ab5edc0698d5f6905b0d3f44752>@@@?$__crt_seh_guarded_call@X@@QEAAX$$QEAV<lambda_886d6c58226a84441f68b9f2b8217b83>@@AEAV<lambda_ab61a845afdef5b7c387490eaf3616ee>@@$$QEAV<lambda_f7f22ab5edc0698d5f6905b0d3f44752>@@@Z@4HA 0000000180017c9c     libucrt:fflush.obj
 0004:00000ca8       $pdata$_fcloseall$fin$0    0000000180017ca8     libucrt:closeall.obj
 0004:00000cb4       $pdata$_write$fin$0        0000000180017cb4     libucrt:write.obj
 0004:00000cc0       $pdata$fclose$fin$0        0000000180017cc0     libucrt:fclose.obj
 0004:00000ccc       $pdata$?fin$0@?0???$?RV<lambda_a37b2b86f63e897a80ea819b0eb08c01>@@AEAV<lambda_38ce7e780aa69e748d6df282ebc68efe>@@V<lambda_99fb1378e971ab6e7edea83e3a7a83a2>@@@?$__crt_seh_guarded_call@H@@QEAAH$$QEAV<lambda_a37b2b86f63e897a80ea819b0eb08c01>@@AEAV<lambda_38ce7e780aa69e748d6df282ebc68efe>@@$$QEAV<lambda_99fb1378e971ab6e7edea83e3a7a83a2>@@@Z@4HA 0000000180017ccc     libucrt:commit.obj
 0004:00000ccc       $pdata$?fin$0@?0???$?RV<lambda_751a882b2c74d4b022dec766aa51a29a>@@AEAV<lambda_628dfdc04ba53c8bfc02c9951375f3f5>@@V<lambda_f6c7be5f7998530c34de24c7437d6b54>@@@?$__crt_seh_guarded_call@H@@QEAAH$$QEAV<lambda_751a882b2c74d4b022dec766aa51a29a>@@AEAV<lambda_628dfdc04ba53c8bfc02c9951375f3f5>@@$$QEAV<lambda_f6c7be5f7998530c34de24c7437d6b54>@@@Z@4HA 0000000180017ccc     libucrt:close.obj
 0004:00000cd8       $pdata$_ctrlfp$filt$0      0000000180017cd8     libucrt:fpctrl.obj
 0004:00000ce4       $pdata$_IsNonwritableInCurrentImage$filt$0 0000000180017ce4     LIBCMT:pesect.obj
 0005:00000060       $R000000                   0000000180018060     * linker generated manifest res *

 Exports

  ordinal    name

        1    _register_addon_
